Component: ARM Compiler 5.06 update 6 (build 750) Tool: armlink [4d35ed]

==============================================================================

Section Cross References

    main.o(i.LED_init) refers to gd32f4xx_rcu.o(i.rcu_periph_clock_enable) for rcu_periph_clock_enable
    main.o(i.LED_init) refers to gd32f4xx_gpio.o(i.gpio_mode_set) for gpio_mode_set
    main.o(i.LED_init) refers to gd32f4xx_gpio.o(i.gpio_output_options_set) for gpio_output_options_set
    main.o(i.LED_init) refers to main.o(i.LED_Off) for LED_Off
    main.o(i.main) refers to tasks.o(i.xTaskCreate) for xTaskCreate
    main.o(i.main) refers to tasks.o(i.vTaskStartScheduler) for vTaskStartScheduler
    main.o(i.main) refers to main.o(.data) for StartTask_Handler
    main.o(i.main) refers to main.o(i.start_task) for start_task
    main.o(i.start_task) refers to main.o(i.LED_init) for LED_init
    main.o(i.start_task) refers to main.o(i.LED_On) for LED_On
    main.o(i.start_task) refers to tasks.o(i.vTaskDelay) for vTaskDelay
    main.o(i.start_task) refers to main.o(i.LED_Off) for LED_Off
    system_gd32f4xx.o(i.SystemCoreClockUpdate) refers to system_gd32f4xx.o(.data) for SystemCoreClock
    system_gd32f4xx.o(i.SystemInit) refers to system_gd32f4xx.o(i.system_clock_config) for system_clock_config
    system_gd32f4xx.o(i.system_clock_config) refers to system_gd32f4xx.o(i.system_clock_120m_8m_hxtal) for system_clock_120m_8m_hxtal
    systick.o(i.delay_1ms) refers to systick.o(.data) for delay
    systick.o(i.delay_decrement) refers to systick.o(.data) for delay
    systick.o(i.systick_config) refers to systick.o(i.NVIC_SetPriority) for NVIC_SetPriority
    systick.o(i.systick_config) refers to system_gd32f4xx.o(.data) for SystemCoreClock
    startup_gd32f450.o(STACK) refers (Special) to heapauxi.o(.text) for __use_two_region_memory
    startup_gd32f450.o(HEAP) refers (Special) to heapauxi.o(.text) for __use_two_region_memory
    startup_gd32f450.o(RESET) refers (Special) to heapauxi.o(.text) for __use_two_region_memory
    startup_gd32f450.o(RESET) refers to startup_gd32f450.o(STACK) for __initial_sp
    startup_gd32f450.o(RESET) refers to startup_gd32f450.o(.text) for Reset_Handler
    startup_gd32f450.o(RESET) refers to gd32f4xx_it.o(i.NMI_Handler) for NMI_Handler
    startup_gd32f450.o(RESET) refers to gd32f4xx_it.o(i.HardFault_Handler) for HardFault_Handler
    startup_gd32f450.o(RESET) refers to gd32f4xx_it.o(i.MemManage_Handler) for MemManage_Handler
    startup_gd32f450.o(RESET) refers to gd32f4xx_it.o(i.BusFault_Handler) for BusFault_Handler
    startup_gd32f450.o(RESET) refers to gd32f4xx_it.o(i.UsageFault_Handler) for UsageFault_Handler
    startup_gd32f450.o(RESET) refers to port.o(.emb_text) for SVC_Handler
    startup_gd32f450.o(RESET) refers to gd32f4xx_it.o(i.DebugMon_Handler) for DebugMon_Handler
    startup_gd32f450.o(RESET) refers to port.o(i.SysTick_Handler) for SysTick_Handler
    startup_gd32f450.o(.text) refers (Special) to heapauxi.o(.text) for __use_two_region_memory
    startup_gd32f450.o(.text) refers to system_gd32f4xx.o(i.SystemInit) for SystemInit
    startup_gd32f450.o(.text) refers to __main.o(!!!main) for __main
    startup_gd32f450.o(.text) refers to startup_gd32f450.o(HEAP) for Heap_Mem
    startup_gd32f450.o(.text) refers to startup_gd32f450.o(STACK) for Stack_Mem
    gd32f4xx_adc.o(i.adc_deinit) refers to gd32f4xx_rcu.o(i.rcu_periph_reset_enable) for rcu_periph_reset_enable
    gd32f4xx_adc.o(i.adc_deinit) refers to gd32f4xx_rcu.o(i.rcu_periph_reset_disable) for rcu_periph_reset_disable
    gd32f4xx_can.o(i.can_debug_freeze_disable) refers to gd32f4xx_dbg.o(i.dbg_periph_disable) for dbg_periph_disable
    gd32f4xx_can.o(i.can_debug_freeze_enable) refers to gd32f4xx_dbg.o(i.dbg_periph_enable) for dbg_periph_enable
    gd32f4xx_can.o(i.can_deinit) refers to gd32f4xx_rcu.o(i.rcu_periph_reset_enable) for rcu_periph_reset_enable
    gd32f4xx_can.o(i.can_deinit) refers to gd32f4xx_rcu.o(i.rcu_periph_reset_disable) for rcu_periph_reset_disable
    gd32f4xx_ctc.o(i.ctc_deinit) refers to gd32f4xx_rcu.o(i.rcu_periph_reset_enable) for rcu_periph_reset_enable
    gd32f4xx_ctc.o(i.ctc_deinit) refers to gd32f4xx_rcu.o(i.rcu_periph_reset_disable) for rcu_periph_reset_disable
    gd32f4xx_dac.o(i.dac_deinit) refers to gd32f4xx_rcu.o(i.rcu_periph_reset_enable) for rcu_periph_reset_enable
    gd32f4xx_dac.o(i.dac_deinit) refers to gd32f4xx_rcu.o(i.rcu_periph_reset_disable) for rcu_periph_reset_disable
    gd32f4xx_dci.o(i.dci_deinit) refers to gd32f4xx_rcu.o(i.rcu_periph_reset_enable) for rcu_periph_reset_enable
    gd32f4xx_dci.o(i.dci_deinit) refers to gd32f4xx_rcu.o(i.rcu_periph_reset_disable) for rcu_periph_reset_disable
    gd32f4xx_enet.o(i.enet_deinit) refers to gd32f4xx_rcu.o(i.rcu_periph_reset_enable) for rcu_periph_reset_enable
    gd32f4xx_enet.o(i.enet_deinit) refers to gd32f4xx_rcu.o(i.rcu_periph_reset_disable) for rcu_periph_reset_disable
[...]
    Removing gd32f4xx_usart.o(i.usart_prescaler_config), (16 bytes).
    Removing gd32f4xx_usart.o(i.usart_receive_config), (16 bytes).
    Removing gd32f4xx_usart.o(i.usart_receiver_timeout_disable), (14 bytes).
    Removing gd32f4xx_usart.o(i.usart_receiver_timeout_enable), (14 bytes).
    Removing gd32f4xx_usart.o(i.usart_receiver_timeout_threshold_config), (20 bytes).
    Removing gd32f4xx_usart.o(i.usart_sample_bit_config), (16 bytes).
    Removing gd32f4xx_usart.o(i.usart_send_break), (10 bytes).
    Removing gd32f4xx_usart.o(i.usart_smartcard_autoretry_config), (26 bytes).
    Removing gd32f4xx_usart.o(i.usart_smartcard_mode_disable), (10 bytes).
    Removing gd32f4xx_usart.o(i.usart_smartcard_mode_enable), (10 bytes).
    Removing gd32f4xx_usart.o(i.usart_smartcard_mode_nack_disable), (10 bytes).
    Removing gd32f4xx_usart.o(i.usart_smartcard_mode_nack_enable), (10 bytes).
    Removing gd32f4xx_usart.o(i.usart_stop_bit_set), (16 bytes).
    Removing gd32f4xx_usart.o(i.usart_synchronous_clock_config), (32 bytes).
    Removing gd32f4xx_usart.o(i.usart_synchronous_clock_disable), (10 bytes).
    Removing gd32f4xx_usart.o(i.usart_synchronous_clock_enable), (10 bytes).
    Removing gd32f4xx_usart.o(i.usart_transmit_config), (16 bytes).
    Removing gd32f4xx_usart.o(i.usart_word_length_set), (16 bytes).
    Removing gd32f4xx_wwdgt.o(.rev16_text), (4 bytes).
    Removing gd32f4xx_wwdgt.o(.revsh_text), (4 bytes).
    Removing gd32f4xx_wwdgt.o(i.wwdgt_config), (56 bytes).
    Removing gd32f4xx_wwdgt.o(i.wwdgt_counter_update), (28 bytes).
    Removing gd32f4xx_wwdgt.o(i.wwdgt_deinit), (20 bytes).
    Removing gd32f4xx_wwdgt.o(i.wwdgt_enable), (20 bytes).
    Removing gd32f4xx_wwdgt.o(i.wwdgt_flag_clear), (20 bytes).
    Removing gd32f4xx_wwdgt.o(i.wwdgt_flag_get), (24 bytes).
    Removing gd32f4xx_wwdgt.o(i.wwdgt_interrupt_enable), (20 bytes).
    Removing event_groups.o(i.prvTestWaitCondition), (30 bytes).
    Removing event_groups.o(i.uxEventGroupGetNumber), (14 bytes).
    Removing event_groups.o(i.vEventGroupClearBitsCallback), (16 bytes).
    Removing event_groups.o(i.vEventGroupDelete), (82 bytes).
    Removing event_groups.o(i.vEventGroupSetBitsCallback), (16 bytes).
    Removing event_groups.o(i.xEventGroupClearBits), (92 bytes).
    Removing event_groups.o(i.xEventGroupCreate), (26 bytes).
    Removing event_groups.o(i.xEventGroupGetBitsFromISR), (44 bytes).
    Removing event_groups.o(i.xEventGroupSetBits), (206 bytes).
    Removing event_groups.o(i.xEventGroupSync), (268 bytes).
    Removing event_groups.o(i.xEventGroupWaitBits), (340 bytes).
    Removing queue.o(i.pcQueueGetName), (44 bytes).
    Removing queue.o(i.prvInitialiseMutex), (28 bytes).
    Removing queue.o(i.ucQueueGetQueueType), (8 bytes).
    Removing queue.o(i.uxQueueGetQueueNumber), (6 bytes).
    Removing queue.o(i.uxQueueMessagesWaiting), (42 bytes).
    Removing queue.o(i.uxQueueMessagesWaitingFromISR), (30 bytes).
    Removing queue.o(i.uxQueueSpacesAvailable), (48 bytes).
    Removing queue.o(i.vQueueDelete), (44 bytes).
    Removing queue.o(i.vQueueSetQueueNumber), (4 bytes).
    Removing queue.o(i.vQueueUnregisterQueue), (48 bytes).
    Removing queue.o(i.xQueueCreateCountingSemaphore), (92 bytes).
    Removing queue.o(i.xQueueCreateMutex), (34 bytes).
    Removing queue.o(i.xQueueGiveFromISR), (224 bytes).
    Removing queue.o(i.xQueueGiveMutexRecursive), (72 bytes).
    Removing queue.o(i.xQueueIsQueueEmptyFromISR), (38 bytes).
    Removing queue.o(i.xQueueIsQueueFullFromISR), (42 bytes).
    Removing queue.o(i.xQueuePeekFromISR), (176 bytes).
    Removing queue.o(i.xQueueReceiveFromISR), (202 bytes).
    Removing queue.o(i.xQueueTakeMutexRecursive), (82 bytes).
    Removing tasks.o(i.eTaskGetState), (132 bytes).
    Removing tasks.o(i.pcTaskGetName), (48 bytes).
    Removing tasks.o(i.prvListTasksWithinSingleList), (106 bytes).
    Removing tasks.o(i.prvTaskCheckFreeStackSpace), (22 bytes).
    Removing tasks.o(i.prvTaskIsTaskSuspended), (88 bytes).
    Removing tasks.o(i.ulTaskNotifyTake), (116 bytes).
    Removing tasks.o(i.uxTaskGetNumberOfTasks), (12 bytes).
    Removing tasks.o(i.uxTaskGetSystemState), (176 bytes).
    Removing tasks.o(i.uxTaskGetTaskNumber), (14 bytes).
    Removing tasks.o(i.uxTaskPriorityGet), (36 bytes).
    Removing tasks.o(i.uxTaskPriorityGetFromISR), (68 bytes).
    Removing tasks.o(i.uxTaskResetEventItemValue), (28 bytes).
    Removing tasks.o(i.vTaskDelayUntil), (212 bytes).
    Removing tasks.o(i.vTaskDelete), (244 bytes).
    Removing tasks.o(i.vTaskEndScheduler), (36 bytes).
    Removing tasks.o(i.vTaskGetInfo), (120 bytes).
    Removing tasks.o(i.vTaskNotifyGiveFromISR), (240 bytes).
    Removing tasks.o(i.vTaskPlaceOnUnorderedEventList), (108 bytes).
    Removing tasks.o(i.vTaskPrioritySet), (276 bytes).
    Removing tasks.o(i.vTaskResume), (144 bytes).
    Removing tasks.o(i.vTaskSetTaskNumber), (8 bytes).
    Removing tasks.o(i.vTaskSuspend), (228 bytes).
    Removing tasks.o(i.xTaskGenericNotify), (260 bytes).
    Removing tasks.o(i.xTaskGenericNotifyFromISR), (324 bytes).
    Removing tasks.o(i.xTaskGetCurrentTaskHandle), (12 bytes).
    Removing tasks.o(i.xTaskGetTickCountFromISR), (20 bytes).
    Removing tasks.o(i.xTaskNotifyStateClear), (52 bytes).
    Removing tasks.o(i.xTaskNotifyWait), (160 bytes).
    Removing tasks.o(i.xTaskRemoveFromUnorderedEventList), (176 bytes).
    Removing tasks.o(i.xTaskResumeFromISR), (180 bytes).
    Removing timers.o(i.pcTimerGetName), (32 bytes).
    Removing timers.o(i.prvInitialiseNewTimer), (78 bytes).
    Removing timers.o(i.pvTimerGetTimerID), (44 bytes).
    Removing timers.o(i.vTimerSetTimerID), (44 bytes).
    Removing timers.o(i.xTimerCreate), (48 bytes).
    Removing timers.o(i.xTimerGetExpiryTime), (34 bytes).
    Removing timers.o(i.xTimerGetPeriod), (32 bytes).
    Removing timers.o(i.xTimerGetTimerDaemonTaskHandle), (48 bytes).
    Removing timers.o(i.xTimerIsTimerActive), (56 bytes).
    Removing heap_4.o(i.vPortInitialiseBlocks), (2 bytes).
    Removing heap_4.o(i.xPortGetFreeHeapSize), (12 bytes).
    Removing heap_4.o(i.xPortGetMinimumEverFreeHeapSize), (12 bytes).
    Removing port.o(i.vPortEndScheduler), (48 bytes).

973 unused section(s) (total 60446 bytes) removed from the image.

==============================================================================

Image Symbol Table

    Local Symbols

    Symbol Name                              Value     Ov Type        Size  Object(Section)

    ../clib/angel/boardlib.s                 0x00000000   Number         0  boardshut.o ABSOLUTE
    ../clib/angel/boardlib.s                 0x00000000   Number         0  boardinit2.o ABSOLUTE
    ../clib/angel/boardlib.s                 0x00000000   Number         0  boardinit3.o ABSOLUTE
    ../clib/angel/boardlib.s                 0x00000000   Number         0  boardinit1.o ABSOLUTE
    ../clib/angel/handlers.s                 0x00000000   Number         0  __scatter_zi.o ABSOLUTE
    ../clib/angel/handlers.s                 0x00000000   Number         0  __scatter_copy.o ABSOLUTE
    ../clib/angel/kernel.s                   0x00000000   Number         0  __rtentry4.o ABSOLUTE
    ../clib/angel/kernel.s                   0x00000000   Number         0  __rtentry2.o ABSOLUTE
    ../clib/angel/kernel.s                   0x00000000   Number         0  rtexit2.o ABSOLUTE
    ../clib/angel/kernel.s                   0x00000000   Number         0  __rtentry.o ABSOLUTE
    ../clib/angel/kernel.s                   0x00000000   Number         0  rtexit.o ABSOLUTE
    ../clib/angel/rt.s                       0x00000000   Number         0  rt_raise.o ABSOLUTE
    ../clib/angel/scatter.s                  0x00000000   Number         0  __scatter.o ABSOLUTE
    ../clib/angel/startup.s                  0x00000000   Number         0  __main.o ABSOLUTE
    ../clib/angel/sys.s                      0x00000000   Number         0  indicate_semi.o ABSOLUTE
    ../clib/angel/sys.s                      0x00000000   Number         0  use_no_semi.o ABSOLUTE
    ../clib/angel/sys.s                      0x00000000   Number         0  libspace.o ABSOLUTE
    ../clib/angel/sys.s                      0x00000000   Number         0  sys_stackheap_outer.o ABSOLUTE
    ../clib/angel/sysapp.c                   0x00000000   Number         0  sys_wrch.o ABSOLUTE
    ../clib/angel/sysapp.c                   0x00000000   Number         0  sys_exit.o ABSOLUTE
    ../clib/angel/sysapp.c                   0x00000000   Number         0  sys_command.o ABSOLUTE
    ../clib/armsys.c                         0x00000000   Number         0  argv_veneer.o ABSOLUTE
    ../clib/armsys.c                         0x00000000   Number         0  argv_veneer.o ABSOLUTE
    ../clib/armsys.c                         0x00000000   Number         0  _get_argv_nomalloc.o ABSOLUTE
    ../clib/armsys.c                         0x00000000   Number         0  no_argv.o ABSOLUTE
    ../clib/heapalloc.c                      0x00000000   Number         0  hrguard.o ABSOLUTE
    ../clib/heapaux.c                        0x00000000   Number         0  heapauxi.o ABSOLUTE
    ../clib/libinit.s                        0x00000000   Number         0  libinit.o ABSOLUTE
    ../clib/libinit.s                        0x00000000   Number         0  libshutdown2.o ABSOLUTE
    ../clib/libinit.s                        0x00000000   Number         0  libinit2.o ABSOLUTE
    ../clib/libinit.s                        0x00000000   Number         0  libshutdown.o ABSOLUTE
    ../clib/memcpset.s                       0x00000000   Number         0  aeabi_memset.o ABSOLUTE
    ../clib/memcpset.s                       0x00000000   Number         0  rt_memclr.o ABSOLUTE
    ../clib/memcpset.s                       0x00000000   Number         0  rt_memcpy_v6.o ABSOLUTE
    ../clib/memcpset.s                       0x00000000   Number         0  rt_memcpy_w.o ABSOLUTE
    ../clib/memcpset.s                       0x00000000   Number         0  rt_memclr_w.o ABSOLUTE
    ../clib/signal.c                         0x00000000   Number         0  defsig_rtmem_outer.o ABSOLUTE
    ../clib/signal.c                         0x00000000   Number         0  defsig_rtmem_formal.o ABSOLUTE
    ../clib/signal.c                         0x00000000   Number         0  defsig_other.o ABSOLUTE
    ../clib/signal.c                         0x00000000   Number         0  defsig_general.o ABSOLUTE
    ../clib/signal.c                         0x00000000   Number         0  defsig_pvfn_inner.o ABSOLUTE
    ../clib/signal.c                         0x00000000   Number         0  __raise.o ABSOLUTE
    ../clib/signal.c                         0x00000000   Number         0  defsig_rtmem_inner.o ABSOLUTE
    ../clib/signal.c                         0x00000000   Number         0  defsig_exit.o ABSOLUTE
    ../clib/signal.c                         0x00000000   Number         0  defsig_cppl_inner.o ABSOLUTE
    ../clib/signal.c                         0x00000000   Number         0  defsig_stak_inner.o ABSOLUTE
    ../clib/signal.c                         0x00000000   Number         0  defsig_rtred_inner.o ABSOLUTE
    ../clib/signal.c                         0x00000000   Number         0  defsig_fpe_inner.o ABSOLUTE
    ../clib/signal.c                         0x00000000   Number         0  defsig_abrt_inner.o ABSOLUTE
    ../clib/signal.c                         0x00000000   Number         0  defsig_segv_inner.o ABSOLUTE
    ../clib/signal.s                         0x00000000   Number         0  defsig.o ABSOLUTE
    ../clib/stdlib.c                         0x00000000   Number         0  exit.o ABSOLUTE
    ../fplib/fpinit.s                        0x00000000   Number         0  fpinit.o ABSOLUTE
    ..\CORE\startup_gd32f450.s               0x00000000   Number         0  startup_gd32f450.o ABSOLUTE
    ..\Lib\Source\gd32f4xx_adc.c             0x00000000   Number         0  gd32f4xx_adc.o ABSOLUTE
    ..\Lib\Source\gd32f4xx_can.c             0x00000000   Number         0  gd32f4xx_can.o ABSOLUTE
    ..\Lib\Source\gd32f4xx_crc.c             0x00000000   Number         0  gd32f4xx_crc.o ABSOLUTE
    ..\Lib\Source\gd32f4xx_ctc.c             0x00000000   Number         0  gd32f4xx_ctc.o ABSOLUTE
    ..\Lib\Source\gd32f4xx_dac.c             0x00000000   Number         0  gd32f4xx_dac.o ABSOLUTE
    ..\Lib\Source\gd32f4xx_dbg.c             0x00000000   Number         0  gd32f4xx_dbg.o ABSOLUTE
    ..\Lib\Source\gd32f4xx_dci.c             0x00000000   Number         0  gd32f4xx_dci.o ABSOLUTE
    ..\Lib\Source\gd32f4xx_dma.c             0x00000000   Number         0  gd32f4xx_dma.o ABSOLUTE
    ..\Lib\Source\gd32f4xx_enet.c            0x00000000   Number         0  gd32f4xx_enet.o ABSOLUTE
    ..\Lib\Source\gd32f4xx_exmc.c            0x00000000   Number         0  gd32f4xx_exmc.o ABSOLUTE
    ..\Lib\Source\gd32f4xx_exti.c            0x00000000   Number         0  gd32f4xx_exti.o ABSOLUTE
    ..\Lib\Source\gd32f4xx_fmc.c             0x00000000   Number         0  gd32f4xx_fmc.o ABSOLUTE
    ..\Lib\Source\gd32f4xx_fwdgt.c           0x00000000   Number         0  gd32f4xx_fwdgt.o ABSOLUTE
    ..\Lib\Source\gd32f4xx_gpio.c            0x00000000   Number         0  gd32f4xx_gpio.o ABSOLUTE
    ..\Lib\Source\gd32f4xx_i2c.c             0x00000000   Number         0  gd32f4xx_i2c.o ABSOLUTE
    ..\Lib\Source\gd32f4xx_ipa.c             0x00000000   Number         0  gd32f4xx_ipa.o ABSOLUTE
    ..\Lib\Source\gd32f4xx_iref.c            0x00000000   Number         0  gd32f4xx_iref.o ABSOLUTE
    ..\Lib\Source\gd32f4xx_misc.c            0x00000000   Number         0  gd32f4xx_misc.o ABSOLUTE
    ..\Lib\Source\gd32f4xx_pmu.c             0x00000000   Number         0  gd32f4xx_pmu.o ABSOLUTE
    ..\Lib\Source\gd32f4xx_rcu.c             0x00000000   Number         0  gd32f4xx_rcu.o ABSOLUTE
    ..\Lib\Source\gd32f4xx_rtc.c             0x00000000   Number         0  gd32f4xx_rtc.o ABSOLUTE
    ..\Lib\Source\gd32f4xx_sdio.c            0x00000000   Number         0  gd32f4xx_sdio.o ABSOLUTE
    ..\Lib\Source\gd32f4xx_spi.c             0x00000000   Number         0  gd32f4xx_spi.o ABSOLUTE
    ..\Lib\Source\gd32f4xx_syscfg.c          0x00000000   Number         0  gd32f4xx_syscfg.o ABSOLUTE
    ..\Lib\Source\gd32f4xx_timer.c           0x00000000   Number         0  gd32f4xx_timer.o ABSOLUTE
    ..\Lib\Source\gd32f4xx_tli.c             0x00000000   Number         0  gd32f4xx_tli.o ABSOLUTE
    ..\Lib\Source\gd32f4xx_trng.c            0x00000000   Number         0  gd32f4xx_trng.o ABSOLUTE
    ..\Lib\Source\gd32f4xx_usart.c           0x00000000   Number         0  gd32f4xx_usart.o ABSOLUTE
    ..\Lib\Source\gd32f4xx_wwdgt.c           0x00000000   Number         0  gd32f4xx_wwdgt.o ABSOLUTE
    ..\RTOS\croutine.c                       0x00000000   Number         0  croutine.o ABSOLUTE
    ..\RTOS\event_groups.c                   0x00000000   Number         0  event_groups.o ABSOLUTE
    ..\RTOS\list.c                           0x00000000   Number         0  list.o ABSOLUTE
    ..\RTOS\portable\MemMang\heap_4.c        0x00000000   Number         0  heap_4.o ABSOLUTE
    ..\RTOS\portable\RVDS\ARM_CM4F\port.c    0x00000000   Number         0  port.o ABSOLUTE
    ..\RTOS\queue.c                          0x00000000   Number         0  queue.o ABSOLUTE
    ..\RTOS\tasks.c                          0x00000000   Number         0  tasks.o ABSOLUTE
    ..\RTOS\timers.c                         0x00000000   Number         0  timers.o ABSOLUTE
    ..\USER\gd32f4xx_it.c                    0x00000000   Number         0  gd32f4xx_it.o ABSOLUTE
    ..\USER\main.c                           0x00000000   Number         0  main.o ABSOLUTE
    ..\USER\system_gd32f4xx.c                0x00000000   Number         0  system_gd32f4xx.o ABSOLUTE
    ..\USER\systick.c                        0x00000000   Number         0  systick.o ABSOLUTE
    ..\\Lib\\Source\\gd32f4xx_adc.c          0x00000000   Number         0  gd32f4xx_adc.o ABSOLUTE
    ..\\Lib\\Source\\gd32f4xx_can.c          0x00000000   Number         0  gd32f4xx_can.o ABSOLUTE
    ..\\Lib\\Source\\gd32f4xx_crc.c          0x00000000   Number         0  gd32f4xx_crc.o ABSOLUTE
    ..\\Lib\\Source\\gd32f4xx_ctc.c          0x00000000   Number         0  gd32f4xx_ctc.o ABSOLUTE
    ..\\Lib\\Source\\gd32f4xx_dac.c          0x00000000   Number         0  gd32f4xx_dac.o ABSOLUTE
    ..\\Lib\\Source\\gd32f4xx_dbg.c          0x00000000   Number         0  gd32f4xx_dbg.o ABSOLUTE
    ..\\Lib\\Source\\gd32f4xx_dci.c          0x00000000   Number         0  gd32f4xx_dci.o ABSOLUTE
    ..\\Lib\\Source\\gd32f4xx_dma.c          0x00000000   Number         0  gd32f4xx_dma.o ABSOLUTE
    ..\\Lib\\Source\\gd32f4xx_enet.c         0x00000000   Number         0  gd32f4xx_enet.o ABSOLUTE
    ..\\Lib\\Source\\gd32f4xx_exmc.c         0x00000000   Number         0  gd32f4xx_exmc.o ABSOLUTE
    ..\\Lib\\Source\\gd32f4xx_exti.c         0x00000000   Number         0  gd32f4xx_exti.o ABSOLUTE
    ..\\Lib\\Source\\gd32f4xx_fmc.c          0x00000000   Number         0  gd32f4xx_fmc.o ABSOLUTE
    ..\\Lib\\Source\\gd32f4xx_fwdgt.c        0x00000000   Number         0  gd32f4xx_fwdgt.o ABSOLUTE
    ..\\Lib\\Source\\gd32f4xx_gpio.c         0x00000000   Number         0  gd32f4xx_gpio.o ABSOLUTE
    ..\\Lib\\Source\\gd32f4xx_i2c.c          0x00000000   Number         0  gd32f4xx_i2c.o ABSOLUTE
    ..\\Lib\\Source\\gd32f4xx_ipa.c          0x00000000   Number         0  gd32f4xx_ipa.o ABSOLUTE
    ..\\Lib\\Source\\gd32f4xx_iref.c         0x00000000   Number         0  gd32f4xx_iref.o ABSOLUTE
    ..\\Lib\\Source\\gd32f4xx_misc.c         0x00000000   Number         0  gd32f4xx_misc.o ABSOLUTE
    ..\\Lib\\Source\\gd32f4xx_pmu.c          0x00000000   Number         0  gd32f4xx_pmu.o ABSOLUTE
    ..\\Lib\\Source\\gd32f4xx_rcu.c          0x00000000   Number         0  gd32f4xx_rcu.o ABSOLUTE
    ..\\Lib\\Source\\gd32f4xx_rtc.c          0x00000000   Number         0  gd32f4xx_rtc.o ABSOLUTE
    ..\\Lib\\Source\\gd32f4xx_sdio.c         0x00000000   Number         0  gd32f4xx_sdio.o ABSOLUTE
    ..\\Lib\\Source\\gd32f4xx_spi.c          0x00000000   Number         0  gd32f4xx_spi.o ABSOLUTE
    ..\\Lib\\Source\\gd32f4xx_syscfg.c       0x00000000   Number         0  gd32f4xx_syscfg.o ABSOLUTE
    ..\\Lib\\Source\\gd32f4xx_timer.c        0x00000000   Number         0  gd32f4xx_timer.o ABSOLUTE
    ..\\Lib\\Source\\gd32f4xx_tli.c          0x00000000   Number         0  gd32f4xx_tli.o ABSOLUTE
    ..\\Lib\\Source\\gd32f4xx_trng.c         0x00000000   Number         0  gd32f4xx_trng.o ABSOLUTE
    ..\\Lib\\Source\\gd32f4xx_usart.c        0x00000000   Number         0  gd32f4xx_usart.o ABSOLUTE
    ..\\Lib\\Source\\gd32f4xx_wwdgt.c        0x00000000   Number         0  gd32f4xx_wwdgt.o ABSOLUTE
    ..\\RTOS\\portable\\RVDS\\ARM_CM4F\\port.c 0x00000000   Number         0  port.o ABSOLUTE
    ..\\USER\\gd32f4xx_it.c                  0x00000000   Number         0  gd32f4xx_it.o ABSOLUTE
    ..\\USER\\main.c                         0x00000000   Number         0  main.o ABSOLUTE
    ..\\USER\\system_gd32f4xx.c              0x00000000   Number         0  system_gd32f4xx.o ABSOLUTE
    ..\\USER\\systick.c                      0x00000000   Number         0  systick.o ABSOLUTE
    dc.s                                     0x00000000   Number         0  dc.o ABSOLUTE
    RESET                                    0x08000000   Section      428  startup_gd32f450.o(RESET)
    !!!main                                  0x080001ac   Section        8  __main.o(!!!main)
    !!!scatter                               0x080001b4   Section       52  __scatter.o(!!!scatter)
    !!handler_copy                           0x080001e8   Section       26  __scatter_copy.o(!!handler_copy)
    !!handler_zi                             0x08000204   Section       28  __scatter_zi.o(!!handler_zi)
    .ARM.Collect$$libinit$$00000000          0x08000220   Section        2  libinit.o(.ARM.Collect$$libinit$$00000000)
    .ARM.Collect$$libinit$$00000001          0x08000222   Section        4  libinit2.o(.ARM.Collect$$libinit$$00000001)
    .ARM.Collect$$libinit$$00000004          0x08000226   Section        0  libinit2.o(.ARM.Collect$$libinit$$00000004)
    .ARM.Collect$$libinit$$0000000A          0x08000226   Section        0  libinit2.o(.ARM.Collect$$libinit$$0000000A)
    .ARM.Collect$$libinit$$0000000C          0x08000226   Section        0  libinit2.o(.ARM.Collect$$libinit$$0000000C)
    .ARM.Collect$$libinit$$0000000E          0x08000226   Section        0  libinit2.o(.ARM.Collect$$libinit$$0000000E)
    .ARM.Collect$$libinit$$00000011          0x08000226   Section        0  libinit2.o(.ARM.Collect$$libinit$$00000011)
    .ARM.Collect$$libinit$$00000013          0x08000226   Section        0  libinit2.o(.ARM.Collect$$libinit$$00000013)
    .ARM.Collect$$libinit$$00000015          0x08000226   Section        0  libinit2.o(.ARM.Collect$$libinit$$00000015)
    .ARM.Collect$$libinit$$00000017          0x08000226   Section        0  libinit2.o(.ARM.Collect$$libinit$$00000017)
    .ARM.Collect$$libinit$$00000019          0x08000226   Section        0  libinit2.o(.ARM.Collect$$libinit$$00000019)
    .ARM.Collect$$libinit$$0000001B          0x08000226   Section        0  libinit2.o(.ARM.Collect$$libinit$$0000001B)
    .ARM.Collect$$libinit$$0000001D          0x08000226   Section        0  libinit2.o(.ARM.Collect$$libinit$$0000001D)
    .ARM.Collect$$libinit$$0000001F          0x08000226   Section        0  libinit2.o(.ARM.Collect$$libinit$$0000001F)
    .ARM.Collect$$libinit$$00000021          0x08000226   Section        0  libinit2.o(.ARM.Collect$$libinit$$00000021)
    .ARM.Collect$$libinit$$00000023          0x08000226   Section        0  libinit2.o(.ARM.Collect$$libinit$$00000023)
    .ARM.Collect$$libinit$$00000025          0x08000226   Section        0  libinit2.o(.ARM.Collect$$libinit$$00000025)
    .ARM.Collect$$libinit$$0000002C          0x08000226   Section        0  libinit2.o(.ARM.Collect$$libinit$$0000002C)
    .ARM.Collect$$libinit$$0000002E          0x08000226   Section        0  libinit2.o(.ARM.Collect$$libinit$$0000002E)
    .ARM.Collect$$libinit$$00000030          0x08000226   Section        0  libinit2.o(.ARM.Collect$$libinit$$00000030)
    .ARM.Collect$$libinit$$00000032          0x08000226   Section        0  libinit2.o(.ARM.Collect$$libinit$$00000032)
    .ARM.Collect$$libinit$$00000033          0x08000226   Section        2  libinit2.o(.ARM.Collect$$libinit$$00000033)
    .ARM.Collect$$libshutdown$$00000000      0x08000228   Section        2  libshutdown.o(.ARM.Collect$$libshutdown$$00000000)
    .ARM.Collect$$libshutdown$$00000002      0x0800022a   Section        0  libshutdown2.o(.ARM.Collect$$libshutdown$$00000002)
    .ARM.Collect$$libshutdown$$00000004      0x0800022a   Section        0  libshutdown2.o(.ARM.Collect$$libshutdown$$00000004)
    .ARM.Collect$$libshutdown$$00000007      0x0800022a   Section        0  libshutdown2.o(.ARM.Collect$$libshutdown$$00000007)
    .ARM.Collect$$libshutdown$$0000000A      0x0800022a   Section        0  libshutdown2.o(.ARM.Collect$$libshutdown$$0000000A)
    .ARM.Collect$$libshutdown$$0000000C      0x0800022a   Section        0  libshutdown2.o(.ARM.Collect$$libshutdown$$0000000C)
    .ARM.Collect$$libshutdown$$0000000F      0x0800022a   Section        0  libshutdown2.o(.ARM.Collect$$libshutdown$$0000000F)
    .ARM.Collect$$libshutdown$$00000010      0x0800022a   Section        2  libshutdown2.o(.ARM.Collect$$libshutdown$$00000010)
    .ARM.Collect$$rtentry$$00000000          0x0800022c   Section        0  __rtentry.o(.ARM.Collect$$rtentry$$00000000)
    .ARM.Collect$$rtentry$$00000002          0x0800022c   Section        0  __rtentry2.o(.ARM.Collect$$rtentry$$00000002)
    .ARM.Collect$$rtentry$$00000004          0x0800022c   Section        6  __rtentry4.o(.ARM.Collect$$rtentry$$00000004)
    .ARM.Collect$$rtentry$$00000009          0x08000232   Section        0  __rtentry2.o(.ARM.Collect$$rtentry$$00000009)
    .ARM.Collect$$rtentry$$0000000A          0x08000232   Section        4  __rtentry2.o(.ARM.Collect$$rtentry$$0000000A)
    .ARM.Collect$$rtentry$$0000000C          0x08000236   Section        0  __rtentry2.o(.ARM.Collect$$rtentry$$0000000C)
    .ARM.Collect$$rtentry$$0000000D          0x08000236   Section        8  __rtentry2.o(.ARM.Collect$$rtentry$$0000000D)
    .ARM.Collect$$rtexit$$00000000           0x0800023e   Section        2  rtexit.o(.ARM.Collect$$rtexit$$00000000)
    .ARM.Collect$$rtexit$$00000002           0x08000240   Section        0  rtexit2.o(.ARM.Collect$$rtexit$$00000002)
    .ARM.Collect$$rtexit$$00000003           0x08000240   Section        4  rtexit2.o(.ARM.Collect$$rtexit$$00000003)
    .ARM.Collect$$rtexit$$00000004           0x08000244   Section        6  rtexit2.o(.ARM.Collect$$rtexit$$00000004)
    .emb_text                                0x0800024c   Section      182  port.o(.emb_text)
    $v0                                      0x0800024c   Number         0  port.o(.emb_text)
    .text                                    0x08000304   Section       64  startup_gd32f450.o(.text)
    $v0                                      0x08000304   Number         0  startup_gd32f450.o(.text)
    .text                                    0x08000344   Section      138  rt_memcpy_v6.o(.text)
    .text                                    0x080003ce   Section       16  aeabi_memset.o(.text)
    .text                                    0x080003de   Section        0  heapauxi.o(.text)
    .text                                    0x080003e4   Section      100  rt_memcpy_w.o(.text)
    .text                                    0x08000448   Section       68  rt_memclr.o(.text)
    .text                                    0x0800048c   Section       78  rt_memclr_w.o(.text)
    .text                                    0x080004da   Section       74  sys_stackheap_outer.o(.text)
    .text                                    0x08000524   Section        0  exit.o(.text)
    .text                                    0x08000538   Section        8  libspace.o(.text)
    .text                                    0x08000540   Section        0  sys_exit.o(.text)
    .text                                    0x0800054c   Section        2  use_no_semi.o(.text)
    .text                                    0x0800054e   Section        0  indicate_semi.o(.text)
    i.BusFault_Handler                       0x0800054e   Section        0  gd32f4xx_it.o(i.BusFault_Handler)
    i.DebugMon_Handler                       0x08000552   Section        0  gd32f4xx_it.o(i.DebugMon_Handler)
    i.HardFault_Handler                      0x08000554   Section        0  gd32f4xx_it.o(i.HardFault_Handler)
    i.LED_Off                                0x08000558   Section        0  main.o(i.LED_Off)
    i.LED_On                                 0x08000568   Section        0  main.o(i.LED_On)
    i.LED_init                               0x08000578   Section        0  main.o(i.LED_init)
    i.MemManage_Handler                      0x080005a8   Section        0  gd32f4xx_it.o(i.MemManage_Handler)
    i.NMI_Handler                            0x080005ac   Section        0  gd32f4xx_it.o(i.NMI_Handler)
    i.SysTick_Handler                        0x080005b0   Section        0  port.o(i.SysTick_Handler)
    i.SystemInit                             0x080005e4   Section        0  system_gd32f4xx.o(i.SystemInit)
    i.UsageFault_Handler                     0x0800065c   Section        0  gd32f4xx_it.o(i.UsageFault_Handler)
    i.gpio_mode_set                          0x08000660   Section        0  gd32f4xx_gpio.o(i.gpio_mode_set)
    i.gpio_output_options_set                0x080006ae   Section        0  gd32f4xx_gpio.o(i.gpio_output_options_set)
    i.main                                   0x080006f0   Section        0  main.o(i.main)
    i.prvAddCurrentTaskToDelayedList         0x08000724   Section        0  tasks.o(i.prvAddCurrentTaskToDelayedList)
    prvAddCurrentTaskToDelayedList           0x08000725   Thumb Code   124  tasks.o(i.prvAddCurrentTaskToDelayedList)
    i.prvAddNewTaskToReadyList               0x080007bc   Section        0  tasks.o(i.prvAddNewTaskToReadyList)
    prvAddNewTaskToReadyList                 0x080007bd   Thumb Code   156  tasks.o(i.prvAddNewTaskToReadyList)
    i.prvCheckForValidListAndQueue           0x08000874   Section        0  timers.o(i.prvCheckForValidListAndQueue)
    prvCheckForValidListAndQueue             0x08000875   Thumb Code    72  timers.o(i.prvCheckForValidListAndQueue)
    i.prvCheckTasksWaitingTermination        0x080008d8   Section        0  tasks.o(i.prvCheckTasksWaitingTermination)
    prvCheckTasksWaitingTermination          0x080008d9   Thumb Code    86  tasks.o(i.prvCheckTasksWaitingTermination)
    i.prvCopyDataFromQueue                   0x0800093c   Section        0  queue.o(i.prvCopyDataFromQueue)
    prvCopyDataFromQueue                     0x0800093d   Thumb Code    42  queue.o(i.prvCopyDataFromQueue)
    i.prvCopyDataToQueue                     0x08000966   Section        0  queue.o(i.prvCopyDataToQueue)
    prvCopyDataToQueue                       0x08000967   Thumb Code   124  queue.o(i.prvCopyDataToQueue)
    i.prvDeleteTCB                           0x080009e2   Section        0  tasks.o(i.prvDeleteTCB)
    prvDeleteTCB                             0x080009e3   Thumb Code    18  tasks.o(i.prvDeleteTCB)
    i.prvGetNextExpireTime                   0x080009f4   Section        0  timers.o(i.prvGetNextExpireTime)
    prvGetNextExpireTime                     0x080009f5   Thumb Code    36  timers.o(i.prvGetNextExpireTime)
    i.prvHeapInit                            0x08000a1c   Section        0  heap_4.o(i.prvHeapInit)
    prvHeapInit                              0x08000a1d   Thumb Code    98  heap_4.o(i.prvHeapInit)
    i.prvIdleTask                            0x08000a98   Section        0  tasks.o(i.prvIdleTask)
    prvIdleTask                              0x08000a99   Thumb Code    32  tasks.o(i.prvIdleTask)
    i.prvInitialiseNewQueue                  0x08000ac0   Section        0  queue.o(i.prvInitialiseNewQueue)
    prvInitialiseNewQueue                    0x08000ac1   Thumb Code    42  queue.o(i.prvInitialiseNewQueue)
    i.prvInitialiseNewTask                   0x08000aea   Section        0  tasks.o(i.prvInitialiseNewTask)
    prvInitialiseNewTask                     0x08000aeb   Thumb Code   180  tasks.o(i.prvInitialiseNewTask)
    i.prvInitialiseTaskLists                 0x08000ba0   Section        0  tasks.o(i.prvInitialiseTaskLists)
    prvInitialiseTaskLists                   0x08000ba1   Thumb Code    70  tasks.o(i.prvInitialiseTaskLists)
    i.prvInsertBlockIntoFreeList             0x08000c08   Section        0  heap_4.o(i.prvInsertBlockIntoFreeList)
    prvInsertBlockIntoFreeList               0x08000c09   Thumb Code    96  heap_4.o(i.prvInsertBlockIntoFreeList)
    i.prvInsertTimerInActiveList             0x08000c70   Section        0  timers.o(i.prvInsertTimerInActiveList)
    prvInsertTimerInActiveList               0x08000c71   Thumb Code    80  timers.o(i.prvInsertTimerInActiveList)
    i.prvIsQueueEmpty                        0x08000cc8   Section        0  queue.o(i.prvIsQueueEmpty)
    prvIsQueueEmpty                          0x08000cc9   Thumb Code    26  queue.o(i.prvIsQueueEmpty)
    i.prvIsQueueFull                         0x08000ce2   Section        0  queue.o(i.prvIsQueueFull)
    prvIsQueueFull                           0x08000ce3   Thumb Code    30  queue.o(i.prvIsQueueFull)
    i.prvProcessExpiredTimer                 0x08000d00   Section        0  timers.o(i.prvProcessExpiredTimer)
    prvProcessExpiredTimer                   0x08000d01   Thumb Code    94  timers.o(i.prvProcessExpiredTimer)
    i.prvProcessReceivedCommands             0x08000d64   Section        0  timers.o(i.prvProcessReceivedCommands)
    prvProcessReceivedCommands               0x08000d65   Thumb Code   242  timers.o(i.prvProcessReceivedCommands)
    i.prvProcessTimerOrBlockTask             0x08000e5c   Section        0  timers.o(i.prvProcessTimerOrBlockTask)
    prvProcessTimerOrBlockTask               0x08000e5d   Thumb Code   102  timers.o(i.prvProcessTimerOrBlockTask)
    i.prvResetNextTaskUnblockTime            0x08000ed0   Section        0  tasks.o(i.prvResetNextTaskUnblockTime)
    prvResetNextTaskUnblockTime              0x08000ed1   Thumb Code    42  tasks.o(i.prvResetNextTaskUnblockTime)
    i.prvSampleTimeNow                       0x08000f04   Section        0  timers.o(i.prvSampleTimeNow)
    prvSampleTimeNow                         0x08000f05   Thumb Code    40  timers.o(i.prvSampleTimeNow)
    i.prvSwitchTimerLists                    0x08000f30   Section        0  timers.o(i.prvSwitchTimerLists)
    prvSwitchTimerLists                      0x08000f31   Thumb Code   150  timers.o(i.prvSwitchTimerLists)
    i.prvTaskExitError                       0x08000fd0   Section        0  port.o(i.prvTaskExitError)
    prvTaskExitError                         0x08000fd1   Thumb Code    60  port.o(i.prvTaskExitError)
    i.prvTimerTask                           0x08001010   Section        0  timers.o(i.prvTimerTask)
    prvTimerTask                             0x08001011   Thumb Code    26  timers.o(i.prvTimerTask)
    i.prvUnlockQueue                         0x0800102a   Section        0  queue.o(i.prvUnlockQueue)
    prvUnlockQueue                           0x0800102b   Thumb Code   126  queue.o(i.prvUnlockQueue)
    i.pvPortMalloc                           0x080010a8   Section        0  heap_4.o(i.pvPortMalloc)
    i.pvTaskIncrementMutexHeldCount          0x080011e4   Section        0  tasks.o(i.pvTaskIncrementMutexHeldCount)
    i.pxPortInitialiseStack                  0x08001204   Section        0  port.o(i.pxPortInitialiseStack)
    i.rcu_periph_clock_enable                0x08001230   Section        0  gd32f4xx_rcu.o(i.rcu_periph_clock_enable)
    i.start_task                             0x08001254   Section        0  main.o(i.start_task)
    i.system_clock_120m_8m_hxtal             0x08001274   Section        0  system_gd32f4xx.o(i.system_clock_120m_8m_hxtal)
    system_clock_120m_8m_hxtal               0x08001275   Thumb Code   238  system_gd32f4xx.o(i.system_clock_120m_8m_hxtal)
    i.system_clock_config                    0x08001370   Section        0  system_gd32f4xx.o(i.system_clock_config)
    system_clock_config                      0x08001371   Thumb Code     8  system_gd32f4xx.o(i.system_clock_config)
    i.uxListRemove                           0x08001378   Section        0  list.o(i.uxListRemove)
    i.vListInitialise                        0x080013a0   Section        0  list.o(i.vListInitialise)
    i.vListInitialiseItem                    0x080013ba   Section        0  list.o(i.vListInitialiseItem)
    i.vListInsert                            0x080013c0   Section        0  list.o(i.vListInsert)
    i.vListInsertEnd                         0x080013f4   Section        0  list.o(i.vListInsertEnd)
    i.vPortEnterCritical                     0x0800140c   Section        0  port.o(i.vPortEnterCritical)
    i.vPortExitCritical                      0x08001460   Section        0  port.o(i.vPortExitCritical)
    i.vPortFree                              0x0800149c   Section        0  heap_4.o(i.vPortFree)
    i.vPortSetupTimerInterrupt               0x08001530   Section        0  port.o(i.vPortSetupTimerInterrupt)
    i.vPortValidateInterruptPriority         0x08001550   Section        0  port.o(i.vPortValidateInterruptPriority)
    i.vQueueAddToRegistry                    0x080015c8   Section        0  queue.o(i.vQueueAddToRegistry)
    i.vQueueWaitForMessageRestricted         0x080015f4   Section        0  queue.o(i.vQueueWaitForMessageRestricted)
    i.vTaskDelay                             0x08001640   Section        0  tasks.o(i.vTaskDelay)
    i.vTaskMissedYield                       0x0800169c   Section        0  tasks.o(i.vTaskMissedYield)
    i.vTaskPlaceOnEventList                  0x080016a8   Section        0  tasks.o(i.vTaskPlaceOnEventList)
    i.vTaskPlaceOnEventListRestricted        0x080016e0   Section        0  tasks.o(i.vTaskPlaceOnEventListRestricted)
    i.vTaskPriorityInherit                   0x08001720   Section        0  tasks.o(i.vTaskPriorityInherit)
    i.vTaskSetTimeOutState                   0x080017d0   Section        0  tasks.o(i.vTaskSetTimeOutState)
    i.vTaskStartScheduler                    0x08001800   Section        0  tasks.o(i.vTaskStartScheduler)
    i.vTaskSuspendAll                        0x08001894   Section        0  tasks.o(i.vTaskSuspendAll)
    i.vTaskSwitchContext                     0x080018a4   Section        0  tasks.o(i.vTaskSwitchContext)
    i.xPortStartScheduler                    0x08001930   Section        0  port.o(i.xPortStartScheduler)
    i.xQueueGenericCreate                    0x08001a6c   Section        0  queue.o(i.xQueueGenericCreate)
    i.xQueueGenericReceive                   0x08001ac4   Section        0  queue.o(i.xQueueGenericReceive)
    i.xQueueGenericReset                     0x08001c88   Section        0  queue.o(i.xQueueGenericReset)
    i.xQueueGenericSend                      0x08001d20   Section        0  queue.o(i.xQueueGenericSend)
    i.xQueueGenericSendFromISR               0x08001ec8   Section        0  queue.o(i.xQueueGenericSendFromISR)
    i.xTaskCheckForTimeOut                   0x08001fc0   Section        0  tasks.o(i.xTaskCheckForTimeOut)
    i.xTaskCreate                            0x0800204c   Section        0  tasks.o(i.xTaskCreate)
    i.xTaskGetSchedulerState                 0x080020ac   Section        0  tasks.o(i.xTaskGetSchedulerState)
    i.xTaskGetTickCount                      0x080020cc   Section        0  tasks.o(i.xTaskGetTickCount)
    i.xTaskIncrementTick                     0x080020d8   Section        0  tasks.o(i.xTaskIncrementTick)
    i.xTaskPriorityDisinherit                0x08002220   Section        0  tasks.o(i.xTaskPriorityDisinherit)
    i.xTaskRemoveFromEventList               0x080022e8   Section        0  tasks.o(i.xTaskRemoveFromEventList)
    i.xTaskResumeAll                         0x08002380   Section        0  tasks.o(i.xTaskResumeAll)
    i.xTimerCreateTimerTask                  0x08002484   Section        0  timers.o(i.xTimerCreateTimerTask)
    i.xTimerGenericCommand                   0x080024dc   Section        0  timers.o(i.xTimerGenericCommand)
    x$fpl$fpinit                             0x08002560   Section       10  fpinit.o(x$fpl$fpinit)
    $v0                                      0x08002560   Number         0  fpinit.o(x$fpl$fpinit)
    .data                                    0x20000000   Section        4  main.o(.data)
    .data                                    0x20000004   Section        4  system_gd32f4xx.o(.data)
    .data                                    0x20000008   Section       60  tasks.o(.data)
    pxDelayedTaskList                        0x2000000c   Data           4  tasks.o(.data)
    pxOverflowDelayedTaskList                0x20000010   Data           4  tasks.o(.data)
    uxDeletedTasksWaitingCleanUp             0x20000014   Data           4  tasks.o(.data)
    uxCurrentNumberOfTasks                   0x20000018   Data           4  tasks.o(.data)
    xTickCount                               0x2000001c   Data           4  tasks.o(.data)
    uxTopReadyPriority                       0x20000020   Data           4  tasks.o(.data)
    xSchedulerRunning                        0x20000024   Data           4  tasks.o(.data)
    uxPendedTicks                            0x20000028   Data           4  tasks.o(.data)
    xYieldPending                            0x2000002c   Data           4  tasks.o(.data)
    xNumOfOverflows                          0x20000030   Data           4  tasks.o(.data)
    uxTaskNumber                             0x20000034   Data           4  tasks.o(.data)
    xNextTaskUnblockTime                     0x20000038   Data           4  tasks.o(.data)
    xIdleTaskHandle                          0x2000003c   Data           4  tasks.o(.data)
    uxSchedulerSuspended                     0x20000040   Data           4  tasks.o(.data)
    .data                                    0x20000044   Section       20  timers.o(.data)
    pxCurrentTimerList                       0x20000044   Data           4  timers.o(.data)
    pxOverflowTimerList                      0x20000048   Data           4  timers.o(.data)
    xTimerQueue                              0x2000004c   Data           4  timers.o(.data)
    xTimerTaskHandle                         0x20000050   Data           4  timers.o(.data)
    xLastTime                                0x20000054   Data           4  timers.o(.data)
    .data                                    0x20000058   Section       24  heap_4.o(.data)
    xStart                                   0x20000058   Data           8  heap_4.o(.data)
    pxEnd                                    0x20000060   Data           4  heap_4.o(.data)
    xFreeBytesRemaining                      0x20000064   Data           4  heap_4.o(.data)
    xMinimumEverFreeBytesRemaining           0x20000068   Data           4  heap_4.o(.data)
    xBlockAllocatedBit                       0x2000006c   Data           4  heap_4.o(.data)
    .data                                    0x20000070   Section       12  port.o(.data)
    uxCriticalNesting                        0x20000070   Data           4  port.o(.data)
    ucMaxSysCallPriority                     0x20000074   Data           1  port.o(.data)
    ulMaxPRIGROUPValue                       0x20000078   Data           4  port.o(.data)
    .bss                                     0x2000007c   Section       64  queue.o(.bss)
    .bss                                     0x200000bc   Section      200  tasks.o(.bss)
    pxReadyTasksLists                        0x200000bc   Data         100  tasks.o(.bss)
    xDelayedTaskList1                        0x20000120   Data          20  tasks.o(.bss)
    xDelayedTaskList2                        0x20000134   Data          20  tasks.o(.bss)
    xPendingReadyList                        0x20000148   Data          20  tasks.o(.bss)
    xTasksWaitingTermination                 0x2000015c   Data          20  tasks.o(.bss)
    xSuspendedTaskList                       0x20000170   Data          20  tasks.o(.bss)
    .bss                                     0x20000184   Section       40  timers.o(.bss)
    xActiveTimerList1                        0x20000184   Data          20  timers.o(.bss)
    xActiveTimerList2                        0x20000198   Data          20  timers.o(.bss)
    .bss                                     0x200001ac   Section    76800  heap_4.o(.bss)
    ucHeap                                   0x200001ac   Data       76800  heap_4.o(.bss)
    .bss                                     0x20012dac   Section       96  libspace.o(.bss)
    HEAP                                     0x20012e10   Section     1024  startup_gd32f450.o(HEAP)
    Heap_Mem                                 0x20012e10   Data        1024  startup_gd32f450.o(HEAP)
    STACK                                    0x20013210   Section     1024  startup_gd32f450.o(STACK)
    Stack_Mem                                0x20013210   Data        1024  startup_gd32f450.o(STACK)
    __initial_sp                             0x20013610   Data           0  startup_gd32f450.o(STACK)

    Global Symbols

    Symbol Name                              Value     Ov Type        Size  Object(Section)

    BuildAttributes$$THM_ISAv4$E$P$D$K$B$S$7EM$VFPi3$EXTD16$VFPS$VFMA$PE$A:L22UL41UL21$X:L11$S22US41US21$IEEE1$IW$USESV6$~STKCKD$USESV7$~SHL$OSPACE$ROPI$EBA8$UX$STANDARDLIB$REQ8$PRES8$EABIv2 0x00000000   Number         0  anon$$obj.o ABSOLUTE
    __ARM_use_no_argv                        0x00000000   Number         0  main.o ABSOLUTE
    __ARM_exceptions_init                     - Undefined Weak Reference
    __alloca_initialize                       - Undefined Weak Reference
    __arm_preinit_                            - Undefined Weak Reference
    __cpp_initialize__aeabi_                  - Undefined Weak Reference
    __cxa_finalize                            - Undefined Weak Reference
    __rt_locale                               - Undefined Weak Reference
    __sigvec_lookup                           - Undefined Weak Reference
    _atexit_init                              - Undefined Weak Reference
    _call_atexit_fns                          - Undefined Weak Reference
    _clock_init                               - Undefined Weak Reference
    _fp_trap_init                             - Undefined Weak Reference
    _fp_trap_shutdown                         - Undefined Weak Reference
    _get_lc_collate                           - Undefined Weak Reference
    _get_lc_ctype                             - Undefined Weak Reference
    _get_lc_monetary                          - Undefined Weak Reference
    _get_lc_numeric                           - Undefined Weak Reference
    _get_lc_time                              - Undefined Weak Reference
    _getenv_init                              - Undefined Weak Reference
    _handle_redirection                       - Undefined Weak Reference
    _init_alloc                               - Undefined Weak Reference
    _init_user_alloc                          - Undefined Weak Reference
    _initio                                   - Undefined Weak Reference
    _rand_init                                - Undefined Weak Reference
    _signal_finish                            - Undefined Weak Reference
    _signal_init                              - Undefined Weak Reference
    _terminate_alloc                          - Undefined Weak Reference
    _terminate_user_alloc                     - Undefined Weak Reference
    _terminateio                              - Undefined Weak Reference
    __Vectors_Size                           0x000001ac   Number         0  startup_gd32f450.o ABSOLUTE
    __Vectors                                0x08000000   Data           4  startup_gd32f450.o(RESET)
    __Vectors_End                            0x080001ac   Data           0  startup_gd32f450.o(RESET)
    __main                                   0x080001ad   Thumb Code     8  __main.o(!!!main)
    __scatterload                            0x080001b5   Thumb Code     0  __scatter.o(!!!scatter)
    __scatterload_rt2                        0x080001b5   Thumb Code    44  __scatter.o(!!!scatter)
    __scatterload_rt2_thumb_only             0x080001b5   Thumb Code     0  __scatter.o(!!!scatter)
    __scatterload_null                       0x080001c3   Thumb Code     0  __scatter.o(!!!scatter)
    __scatterload_copy                       0x080001e9   Thumb Code    26  __scatter_copy.o(!!handler_copy)
    __scatterload_zeroinit                   0x08000205   Thumb Code    28  __scatter_zi.o(!!handler_zi)
    __rt_lib_init                            0x08000221   Thumb Code     0  libinit.o(.ARM.Collect$$libinit$$00000000)
    __rt_lib_init_fp_1                       0x08000223   Thumb Code     0  libinit2.o(.ARM.Collect$$libinit$$00000001)
    __rt_lib_init_alloca_1                   0x08000227   Thumb Code     0  libinit2.o(.ARM.Collect$$libinit$$0000002E)
    __rt_lib_init_argv_1                     0x08000227   Thumb Code     0  libinit2.o(.ARM.Collect$$libinit$$0000002C)
    __rt_lib_init_atexit_1                   0x08000227   Thumb Code     0  libinit2.o(.ARM.Collect$$libinit$$0000001B)
    __rt_lib_init_clock_1                    0x08000227   Thumb Code     0  libinit2.o(.ARM.Collect$$libinit$$00000021)
    __rt_lib_init_cpp_1                      0x08000227   Thumb Code     0  libinit2.o(.ARM.Collect$$libinit$$00000032)
    __rt_lib_init_exceptions_1               0x08000227   Thumb Code     0  libinit2.o(.ARM.Collect$$libinit$$00000030)
    __rt_lib_init_fp_trap_1                  0x08000227   Thumb Code     0  libinit2.o(.ARM.Collect$$libinit$$0000001F)
    __rt_lib_init_getenv_1                   0x08000227   Thumb Code     0  libinit2.o(.ARM.Collect$$libinit$$00000023)
    __rt_lib_init_heap_1                     0x08000227   Thumb Code     0  libinit2.o(.ARM.Collect$$libinit$$0000000A)
    __rt_lib_init_lc_collate_1               0x08000227   Thumb Code     0  libinit2.o(.ARM.Collect$$libinit$$00000011)
    __rt_lib_init_lc_ctype_1                 0x08000227   Thumb Code     0  libinit2.o(.ARM.Collect$$libinit$$00000013)
    __rt_lib_init_lc_monetary_1              0x08000227   Thumb Code     0  libinit2.o(.ARM.Collect$$libinit$$00000015)
    __rt_lib_init_lc_numeric_1               0x08000227   Thumb Code     0  libinit2.o(.ARM.Collect$$libinit$$00000017)
    __rt_lib_init_lc_time_1                  0x08000227   Thumb Code     0  libinit2.o(.ARM.Collect$$libinit$$00000019)
    __rt_lib_init_preinit_1                  0x08000227   Thumb Code     0  libinit2.o(.ARM.Collect$$libinit$$00000004)
    __rt_lib_init_rand_1                     0x08000227   Thumb Code     0  libinit2.o(.ARM.Collect$$libinit$$0000000E)
    __rt_lib_init_return                     0x08000227   Thumb Code     0  libinit2.o(.ARM.Collect$$libinit$$00000033)
    __rt_lib_init_signal_1                   0x08000227   Thumb Code     0  libinit2.o(.ARM.Collect$$libinit$$0000001D)
    __rt_lib_init_stdio_1                    0x08000227   Thumb Code     0  libinit2.o(.ARM.Collect$$libinit$$00000025)
    __rt_lib_init_user_alloc_1               0x08000227   Thumb Code     0  libinit2.o(.ARM.Collect$$libinit$$0000000C)
    __rt_lib_shutdown                        0x08000229   Thumb Code     0  libshutdown.o(.ARM.Collect$$libshutdown$$00000000)
    __rt_lib_shutdown_cpp_1                  0x0800022b   Thumb Code     0  libshutdown2.o(.ARM.Collect$$libshutdown$$00000002)
    __rt_lib_shutdown_fp_trap_1              0x0800022b   Thumb Code     0  libshutdown2.o(.ARM.Collect$$libshutdown$$00000007)
    __rt_lib_shutdown_heap_1                 0x0800022b   Thumb Code     0  libshutdown2.o(.ARM.Collect$$libshutdown$$0000000F)
    __rt_lib_shutdown_return                 0x0800022b   Thumb Code     0  libshutdown2.o(.ARM.Collect$$libshutdown$$00000010)
    __rt_lib_shutdown_signal_1               0x0800022b   Thumb Code     0  libshutdown2.o(.ARM.Collect$$libshutdown$$0000000A)
    __rt_lib_shutdown_stdio_1                0x0800022b   Thumb Code     0  libshutdown2.o(.ARM.Collect$$libshutdown$$00000004)
    __rt_lib_shutdown_user_alloc_1           0x0800022b   Thumb Code     0  libshutdown2.o(.ARM.Collect$$libshutdown$$0000000C)
    __rt_entry                               0x0800022d   Thumb Code     0  __rtentry.o(.ARM.Collect$$rtentry$$00000000)
    __rt_entry_presh_1                       0x0800022d   Thumb Code     0  __rtentry2.o(.ARM.Collect$$rtentry$$00000002)
    __rt_entry_sh                            0x0800022d   Thumb Code     0  __rtentry4.o(.ARM.Collect$$rtentry$$00000004)
    __rt_entry_li                            0x08000233   Thumb Code     0  __rtentry2.o(.ARM.Collect$$rtentry$$0000000A)
    __rt_entry_postsh_1                      0x08000233   Thumb Code     0  __rtentry2.o(.ARM.Collect$$rtentry$$00000009)
    __rt_entry_main                          0x08000237   Thumb Code     0  __rtentry2.o(.ARM.Collect$$rtentry$$0000000D)
    __rt_entry_postli_1                      0x08000237   Thumb Code     0  __rtentry2.o(.ARM.Collect$$rtentry$$0000000C)
    __rt_exit                                0x0800023f   Thumb Code     0  rtexit.o(.ARM.Collect$$rtexit$$00000000)
    __rt_exit_ls                             0x08000241   Thumb Code     0  rtexit2.o(.ARM.Collect$$rtexit$$00000003)
    __rt_exit_prels_1                        0x08000241   Thumb Code     0  rtexit2.o(.ARM.Collect$$rtexit$$00000002)
    __rt_exit_exit                           0x08000245   Thumb Code     0  rtexit2.o(.ARM.Collect$$rtexit$$00000004)
    SVC_Handler                              0x0800024d   Thumb Code    28  port.o(.emb_text)
    __asm___6_port_c_39a90d8d__prvStartFirstTask 0x0800026d   Thumb Code    28  port.o(.emb_text)
    __asm___6_port_c_39a90d8d__prvEnableVFP  0x0800028d   Thumb Code    16  port.o(.emb_text)
    PendSV_Handler                           0x080002a1   Thumb Code    88  port.o(.emb_text)
    vPortGetIPSR                             0x080002fd   Thumb Code     6  port.o(.emb_text)
    Reset_Handler                            0x08000305   Thumb Code     8  startup_gd32f450.o(.text)
    ADC_IRQHandler                           0x0800031f   Thumb Code     0  startup_gd32f450.o(.text)
    CAN0_EWMC_IRQHandler                     0x0800031f   Thumb Code     0  startup_gd32f450.o(.text)
    CAN0_RX0_IRQHandler                      0x0800031f   Thumb Code     0  startup_gd32f450.o(.text)
    CAN0_RX1_IRQHandler                      0x0800031f   Thumb Code     0  startup_gd32f450.o(.text)
    CAN0_TX_IRQHandler                       0x0800031f   Thumb Code     0  startup_gd32f450.o(.text)
    CAN1_EWMC_IRQHandler                     0x0800031f   Thumb Code     0  startup_gd32f450.o(.text)
    CAN1_RX0_IRQHandler                      0x0800031f   Thumb Code     0  startup_gd32f450.o(.text)
    CAN1_RX1_IRQHandler                      0x0800031f   Thumb Code     0  startup_gd32f450.o(.text)
    CAN1_TX_IRQHandler                       0x0800031f   Thumb Code     0  startup_gd32f450.o(.text)
    DCI_IRQHandler                           0x0800031f   Thumb Code     0  startup_gd32f450.o(.text)
    DMA0_Channel0_IRQHandler                 0x0800031f   Thumb Code     0  startup_gd32f450.o(.text)
    DMA0_Channel1_IRQHandler                 0x0800031f   Thumb Code     0  startup_gd32f450.o(.text)
    DMA0_Channel2_IRQHandler                 0x0800031f   Thumb Code     0  startup_gd32f450.o(.text)
    DMA0_Channel3_IRQHandler                 0x0800031f   Thumb Code     0  startup_gd32f450.o(.text)
    DMA0_Channel4_IRQHandler                 0x0800031f   Thumb Code     0  startup_gd32f450.o(.text)
    DMA0_Channel5_IRQHandler                 0x0800031f   Thumb Code     0  startup_gd32f450.o(.text)
    DMA0_Channel6_IRQHandler                 0x0800031f   Thumb Code     0  startup_gd32f450.o(.text)
    DMA0_Channel7_IRQHandler                 0x0800031f   Thumb Code     0  startup_gd32f450.o(.text)
    DMA1_Channel0_IRQHandler                 0x0800031f   Thumb Code     0  startup_gd32f450.o(.text)
    DMA1_Channel1_IRQHandler                 0x0800031f   Thumb Code     0  startup_gd32f450.o(.text)
    DMA1_Channel2_IRQHandler                 0x0800031f   Thumb Code     0  startup_gd32f450.o(.text)
    DMA1_Channel3_IRQHandler                 0x0800031f   Thumb Code     0  startup_gd32f450.o(.text)
    DMA1_Channel4_IRQHandler                 0x0800031f   Thumb Code     0  startup_gd32f450.o(.text)
    DMA1_Channel5_IRQHandler                 0x0800031f   Thumb Code     0  startup_gd32f450.o(.text)
    DMA1_Channel6_IRQHandler                 0x0800031f   Thumb Code     0  startup_gd32f450.o(.text)
    DMA1_Channel7_IRQHandler                 0x0800031f   Thumb Code     0  startup_gd32f450.o(.text)
    ENET_IRQHandler                          0x0800031f   Thumb Code     0  startup_gd32f450.o(.text)
    ENET_WKUP_IRQHandler                     0x0800031f   Thumb Code     0  startup_gd32f450.o(.text)
    EXMC_IRQHandler                          0x0800031f   Thumb Code     0  startup_gd32f450.o(.text)
    EXTI0_IRQHandler                         0x0800031f   Thumb Code     0  startup_gd32f450.o(.text)
    EXTI10_15_IRQHandler                     0x0800031f   Thumb Code     0  startup_gd32f450.o(.text)
    EXTI1_IRQHandler                         0x0800031f   Thumb Code     0  startup_gd32f450.o(.text)
    EXTI2_IRQHandler                         0x0800031f   Thumb Code     0  startup_gd32f450.o(.text)
    EXTI3_IRQHandler                         0x0800031f   Thumb Code     0  startup_gd32f450.o(.text)
    EXTI4_IRQHandler                         0x0800031f   Thumb Code     0  startup_gd32f450.o(.text)
    EXTI5_9_IRQHandler                       0x0800031f   Thumb Code     0  startup_gd32f450.o(.text)
    FMC_IRQHandler                           0x0800031f   Thumb Code     0  startup_gd32f450.o(.text)
    FPU_IRQHandler                           0x0800031f   Thumb Code     0  startup_gd32f450.o(.text)
    I2C0_ER_IRQHandler                       0x0800031f   Thumb Code     0  startup_gd32f450.o(.text)
    I2C0_EV_IRQHandler                       0x0800031f   Thumb Code     0  startup_gd32f450.o(.text)
    I2C1_ER_IRQHandler                       0x0800031f   Thumb Code     0  startup_gd32f450.o(.text)
    I2C1_EV_IRQHandler                       0x0800031f   Thumb Code     0  startup_gd32f450.o(.text)
    I2C2_ER_IRQHandler                       0x0800031f   Thumb Code     0  startup_gd32f450.o(.text)
    I2C2_EV_IRQHandler                       0x0800031f   Thumb Code     0  startup_gd32f450.o(.text)
    IPA_IRQHandler                           0x0800031f   Thumb Code     0  startup_gd32f450.o(.text)
    LVD_IRQHandler                           0x0800031f   Thumb Code     0  startup_gd32f450.o(.text)
    RCU_CTC_IRQHandler                       0x0800031f   Thumb Code     0  startup_gd32f450.o(.text)
    RTC_Alarm_IRQHandler                     0x0800031f   Thumb Code     0  startup_gd32f450.o(.text)
    RTC_WKUP_IRQHandler                      0x0800031f   Thumb Code     0  startup_gd32f450.o(.text)
    SDIO_IRQHandler                          0x0800031f   Thumb Code     0  startup_gd32f450.o(.text)
    SPI0_IRQHandler                          0x0800031f   Thumb Code     0  startup_gd32f450.o(.text)
    SPI1_IRQHandler                          0x0800031f   Thumb Code     0  startup_gd32f450.o(.text)
    SPI2_IRQHandler                          0x0800031f   Thumb Code     0  startup_gd32f450.o(.text)
    SPI3_IRQHandler                          0x0800031f   Thumb Code     0  startup_gd32f450.o(.text)
    SPI4_IRQHandler                          0x0800031f   Thumb Code     0  startup_gd32f450.o(.text)
    SPI5_IRQHandler                          0x0800031f   Thumb Code     0  startup_gd32f450.o(.text)
    TAMPER_STAMP_IRQHandler                  0x0800031f   Thumb Code     0  startup_gd32f450.o(.text)
    TIMER0_BRK_TIMER8_IRQHandler             0x0800031f   Thumb Code     0  startup_gd32f450.o(.text)
    TIMER0_CC_IRQHandler                     0x0800031f   Thumb Code     0  startup_gd32f450.o(.text)
    TIMER0_TRG_CMT_TIMER10_IRQHandler        0x0800031f   Thumb Code     0  startup_gd32f450.o(.text)
    TIMER0_UP_TIMER9_IRQHandler              0x0800031f   Thumb Code     0  startup_gd32f450.o(.text)
    TIMER1_IRQHandler                        0x0800031f   Thumb Code     0  startup_gd32f450.o(.text)
    TIMER2_IRQHandler                        0x0800031f   Thumb Code     0  startup_gd32f450.o(.text)
    TIMER3_IRQHandler                        0x0800031f   Thumb Code     0  startup_gd32f450.o(.text)
    TIMER4_IRQHandler                        0x0800031f   Thumb Code     0  startup_gd32f450.o(.text)
    TIMER5_DAC_IRQHandler                    0x0800031f   Thumb Code     0  startup_gd32f450.o(.text)
    TIMER6_IRQHandler                        0x0800031f   Thumb Code     0  startup_gd32f450.o(.text)
    TIMER7_BRK_TIMER11_IRQHandler            0x0800031f   Thumb Code     0  startup_gd32f450.o(.text)
    TIMER7_CC_IRQHandler                     0x0800031f   Thumb Code     0  startup_gd32f450.o(.text)
    TIMER7_TRG_CMT_TIMER13_IRQHandler        0x0800031f   Thumb Code     0  startup_gd32f450.o(.text)
    TIMER7_UP_TIMER12_IRQHandler             0x0800031f   Thumb Code     0  startup_gd32f450.o(.text)
    TLI_ER_IRQHandler                        0x0800031f   Thumb Code     0  startup_gd32f450.o(.text)
    TLI_IRQHandler                           0x0800031f   Thumb Code     0  startup_gd32f450.o(.text)
    TRNG_IRQHandler                          0x0800031f   Thumb Code     0  startup_gd32f450.o(.text)
    UART3_IRQHandler                         0x0800031f   Thumb Code     0  startup_gd32f450.o(.text)
    UART4_IRQHandler                         0x0800031f   Thumb Code     0  startup_gd32f450.o(.text)
    UART6_IRQHandler                         0x0800031f   Thumb Code     0  startup_gd32f450.o(.text)
    UART7_IRQHandler                         0x0800031f   Thumb Code     0  startup_gd32f450.o(.text)
    USART0_IRQHandler                        0x0800031f   Thumb Code     0  startup_gd32f450.o(.text)
    USART1_IRQHandler                        0x0800031f   Thumb Code     0  startup_gd32f450.o(.text)
    USART2_IRQHandler                        0x0800031f   Thumb Code     0  startup_gd32f450.o(.text)
    USART5_IRQHandler                        0x0800031f   Thumb Code     0  startup_gd32f450.o(.text)
    USBFS_IRQHandler                         0x0800031f   Thumb Code     0  startup_gd32f450.o(.text)
    USBFS_WKUP_IRQHandler                    0x0800031f   Thumb Code     0  startup_gd32f450.o(.text)
    USBHS_EP1_In_IRQHandler                  0x0800031f   Thumb Code     0  startup_gd32f450.o(.text)
    USBHS_EP1_Out_IRQHandler                 0x0800031f   Thumb Code     0  startup_gd32f450.o(.text)
    USBHS_IRQHandler                         0x0800031f   Thumb Code     0  startup_gd32f450.o(.text)
    USBHS_WKUP_IRQHandler                    0x0800031f   Thumb Code     0  startup_gd32f450.o(.text)
    WWDGT_IRQHandler                         0x0800031f   Thumb Code     0  startup_gd32f450.o(.text)
    __user_initial_stackheap                 0x08000321   Thumb Code    10  startup_gd32f450.o(.text)
    __aeabi_memcpy                           0x08000345   Thumb Code     0  rt_memcpy_v6.o(.text)
    __rt_memcpy                              0x08000345   Thumb Code   138  rt_memcpy_v6.o(.text)
    _memcpy_lastbytes                        0x080003ab   Thumb Code     0  rt_memcpy_v6.o(.text)
    __aeabi_memset                           0x080003cf   Thumb Code    16  aeabi_memset.o(.text)
    __use_two_region_memory                  0x080003df   Thumb Code     2  heapauxi.o(.text)
    __rt_heap_escrow$2region                 0x080003e1   Thumb Code     2  heapauxi.o(.text)
    __rt_heap_expand$2region                 0x080003e3   Thumb Code     2  heapauxi.o(.text)
    __aeabi_memcpy4                          0x080003e5   Thumb Code     0  rt_memcpy_w.o(.text)
    __aeabi_memcpy8                          0x080003e5   Thumb Code     0  rt_memcpy_w.o(.text)
    __rt_memcpy_w                            0x080003e5   Thumb Code   100  rt_memcpy_w.o(.text)
    _memcpy_lastbytes_aligned                0x0800042d   Thumb Code     0  rt_memcpy_w.o(.text)
    __aeabi_memclr                           0x08000449   Thumb Code     0  rt_memclr.o(.text)
    __rt_memclr                              0x08000449   Thumb Code    68  rt_memclr.o(.text)
    _memset                                  0x0800044d   Thumb Code     0  rt_memclr.o(.text)
    __aeabi_memclr4                          0x0800048d   Thumb Code     0  rt_memclr_w.o(.text)
    __aeabi_memclr8                          0x0800048d   Thumb Code     0  rt_memclr_w.o(.text)
    __rt_memclr_w                            0x0800048d   Thumb Code    78  rt_memclr_w.o(.text)
    _memset_w                                0x08000491   Thumb Code     0  rt_memclr_w.o(.text)
    __user_setup_stackheap                   0x080004db   Thumb Code    74  sys_stackheap_outer.o(.text)
    exit                                     0x08000525   Thumb Code    18  exit.o(.text)
    __user_libspace                          0x08000539   Thumb Code     8  libspace.o(.text)
    __user_perproc_libspace                  0x08000539   Thumb Code     0  libspace.o(.text)
    __user_perthread_libspace                0x08000539   Thumb Code     0  libspace.o(.text)
    _sys_exit                                0x08000541   Thumb Code     8  sys_exit.o(.text)
    __I$use$semihosting                      0x0800054d   Thumb Code     0  use_no_semi.o(.text)
    __use_no_semihosting_swi                 0x0800054d   Thumb Code     2  use_no_semi.o(.text)
    BusFault_Handler                         0x0800054f   Thumb Code     4  gd32f4xx_it.o(i.BusFault_Handler)
    __semihosting_library_function           0x0800054f   Thumb Code     0  indicate_semi.o(.text)
    DebugMon_Handler                         0x08000553   Thumb Code     2  gd32f4xx_it.o(i.DebugMon_Handler)
    HardFault_Handler                        0x08000555   Thumb Code     4  gd32f4xx_it.o(i.HardFault_Handler)
    LED_Off                                  0x08000559   Thumb Code    10  main.o(i.LED_Off)
    LED_On                                   0x08000569   Thumb Code    10  main.o(i.LED_On)
    LED_init                                 0x08000579   Thumb Code    44  main.o(i.LED_init)
    MemManage_Handler                        0x080005a9   Thumb Code     4  gd32f4xx_it.o(i.MemManage_Handler)
    NMI_Handler                              0x080005ad   Thumb Code     2  gd32f4xx_it.o(i.NMI_Handler)
    SysTick_Handler                          0x080005b1   Thumb Code    46  port.o(i.SysTick_Handler)
    SystemInit                               0x080005e5   Thumb Code   104  system_gd32f4xx.o(i.SystemInit)
    UsageFault_Handler                       0x0800065d   Thumb Code     4  gd32f4xx_it.o(i.UsageFault_Handler)
    gpio_mode_set                            0x08000661   Thumb Code    78  gd32f4xx_gpio.o(i.gpio_mode_set)
    gpio_output_options_set                  0x080006af   Thumb Code    66  gd32f4xx_gpio.o(i.gpio_output_options_set)
    main                                     0x080006f1   Thumb Code    30  main.o(i.main)
    pvPortMalloc                             0x080010a9   Thumb Code   296  heap_4.o(i.pvPortMalloc)
    pvTaskIncrementMutexHeldCount            0x080011e5   Thumb Code    26  tasks.o(i.pvTaskIncrementMutexHeldCount)
    pxPortInitialiseStack                    0x08001205   Thumb Code    38  port.o(i.pxPortInitialiseStack)
    rcu_periph_clock_enable                  0x08001231   Thumb Code    32  gd32f4xx_rcu.o(i.rcu_periph_clock_enable)
    start_task                               0x08001255   Thumb Code    32  main.o(i.start_task)
    uxListRemove                             0x08001379   Thumb Code    40  list.o(i.uxListRemove)
    vListInitialise                          0x080013a1   Thumb Code    26  list.o(i.vListInitialise)
    vListInitialiseItem                      0x080013bb   Thumb Code     6  list.o(i.vListInitialiseItem)
    vListInsert                              0x080013c1   Thumb Code    52  list.o(i.vListInsert)
    vListInsertEnd                           0x080013f5   Thumb Code    24  list.o(i.vListInsertEnd)
    vPortEnterCritical                       0x0800140d   Thumb Code    76  port.o(i.vPortEnterCritical)
    vPortExitCritical                        0x08001461   Thumb Code    56  port.o(i.vPortExitCritical)
    vPortFree                                0x0800149d   Thumb Code   140  heap_4.o(i.vPortFree)
    vPortSetupTimerInterrupt                 0x08001531   Thumb Code    26  port.o(i.vPortSetupTimerInterrupt)
    vPortValidateInterruptPriority           0x08001551   Thumb Code   106  port.o(i.vPortValidateInterruptPriority)
    vQueueAddToRegistry                      0x080015c9   Thumb Code    38  queue.o(i.vQueueAddToRegistry)
    vQueueWaitForMessageRestricted           0x080015f5   Thumb Code    74  queue.o(i.vQueueWaitForMessageRestricted)
    vTaskDelay                               0x08001641   Thumb Code    82  tasks.o(i.vTaskDelay)
    vTaskMissedYield                         0x0800169d   Thumb Code     8  tasks.o(i.vTaskMissedYield)
    vTaskPlaceOnEventList                    0x080016a9   Thumb Code    52  tasks.o(i.vTaskPlaceOnEventList)
    vTaskPlaceOnEventListRestricted          0x080016e1   Thumb Code    60  tasks.o(i.vTaskPlaceOnEventListRestricted)
    vTaskPriorityInherit                     0x08001721   Thumb Code   164  tasks.o(i.vTaskPriorityInherit)
    vTaskSetTimeOutState                     0x080017d1   Thumb Code    38  tasks.o(i.vTaskSetTimeOutState)
    vTaskStartScheduler                      0x08001801   Thumb Code   118  tasks.o(i.vTaskStartScheduler)
    vTaskSuspendAll                          0x08001895   Thumb Code    12  tasks.o(i.vTaskSuspendAll)
    vTaskSwitchContext                       0x080018a5   Thumb Code   118  tasks.o(i.vTaskSwitchContext)
    xPortStartScheduler                      0x08001931   Thumb Code   288  port.o(i.xPortStartScheduler)
    xQueueGenericCreate                      0x08001a6d   Thumb Code    88  queue.o(i.xQueueGenericCreate)
    xQueueGenericReceive                     0x08001ac5   Thumb Code   446  queue.o(i.xQueueGenericReceive)
    xQueueGenericReset                       0x08001c89   Thumb Code   146  queue.o(i.xQueueGenericReset)
    xQueueGenericSend                        0x08001d21   Thumb Code   420  queue.o(i.xQueueGenericSend)
    xQueueGenericSendFromISR                 0x08001ec9   Thumb Code   248  queue.o(i.xQueueGenericSendFromISR)
    xTaskCheckForTimeOut                     0x08001fc1   Thumb Code   132  tasks.o(i.xTaskCheckForTimeOut)
    xTaskCreate                              0x0800204d   Thumb Code    96  tasks.o(i.xTaskCreate)
    xTaskGetSchedulerState                   0x080020ad   Thumb Code    24  tasks.o(i.xTaskGetSchedulerState)
    xTaskGetTickCount                        0x080020cd   Thumb Code     6  tasks.o(i.xTaskGetTickCount)
    xTaskIncrementTick                       0x080020d9   Thumb Code   282  tasks.o(i.xTaskIncrementTick)
    xTaskPriorityDisinherit                  0x08002221   Thumb Code   188  tasks.o(i.xTaskPriorityDisinherit)
    xTaskRemoveFromEventList                 0x080022e9   Thumb Code   128  tasks.o(i.xTaskRemoveFromEventList)
    xTaskResumeAll                           0x08002381   Thumb Code   224  tasks.o(i.xTaskResumeAll)
    xTimerCreateTimerTask                    0x08002485   Thumb Code    66  timers.o(i.xTimerCreateTimerTask)
    xTimerGenericCommand                     0x080024dd   Thumb Code   126  timers.o(i.xTimerGenericCommand)
    _fp_init                                 0x08002561   Thumb Code    10  fpinit.o(x$fpl$fpinit)
    __fplib_config_fpu_vfp                   0x08002569   Thumb Code     0  fpinit.o(x$fpl$fpinit)
    __fplib_config_pureend_doubles           0x08002569   Thumb Code     0  fpinit.o(x$fpl$fpinit)
    Region$$Table$$Base                      0x0800256c   Number         0  anon$$obj.o(Region$$Table)
    Region$$Table$$Limit                     0x0800258c   Number         0  anon$$obj.o(Region$$Table)
    StartTask_Handler                        0x20000000   Data           4  main.o(.data)
    SystemCoreClock                          0x20000004   Data           4  system_gd32f4xx.o(.data)
    pxCurrentTCB                             0x20000008   Data           4  tasks.o(.data)
    xQueueRegistry                           0x2000007c   Data          64  queue.o(.bss)
    __libspace_start                         0x20012dac   Data          96  libspace.o(.bss)
    __temporary_stack_top$libspace           0x20012e0c   Data           0  libspace.o(.bss)



==============================================================================

Memory Map of the image

  Image Entry point : 0x080001ad

  Load Region LR_IROM1 (Base: 0x08000000, Size: 0x00002608, Max: 0x00200000, ABSOLUTE)

    Execution Region ER_IROM1 (Exec base: 0x08000000, Load base: 0x08000000, Size: 0x0000258c, Max: 0x00200000, ABSOLUTE)

    Exec Addr    Load Addr    Size         Type   Attr      Idx    E Section Name        Object

    0x08000000   0x08000000   0x000001ac   Data   RO          359    RESET               startup_gd32f450.o
    0x080001ac   0x080001ac   0x00000008   Code   RO         6695  * !!!main             c_w.l(__main.o)
    0x080001b4   0x080001b4   0x00000034   Code   RO         6858    !!!scatter          c_w.l(__scatter.o)
    0x080001e8   0x080001e8   0x0000001a   Code   RO         6860    !!handler_copy      c_w.l(__scatter_copy.o)
    0x08000202   0x08000202   0x00000002   PAD
    0x08000204   0x08000204   0x0000001c   Code   RO         6862    !!handler_zi        c_w.l(__scatter_zi.o)
    0x08000220   0x08000220   0x00000002   Code   RO         6728    .ARM.Collect$$libinit$$00000000  c_w.l(libinit.o)
    0x08000222   0x08000222   0x00000004   Code   RO         6734    .ARM.Collect$$libinit$$00000001  c_w.l(libinit2.o)
    0x08000226   0x08000226   0x00000000   Code   RO         6737    .ARM.Collect$$libinit$$00000004  c_w.l(libinit2.o)
    0x08000226   0x08000226   0x00000000   Code   RO         6740    .ARM.Collect$$libinit$$0000000A  c_w.l(libinit2.o)
    0x08000226   0x08000226   0x00000000   Code   RO         6742    .ARM.Collect$$libinit$$0000000C  c_w.l(libinit2.o)
    0x08000226   0x08000226   0x00000000   Code   RO         6744    .ARM.Collect$$libinit$$0000000E  c_w.l(libinit2.o)
    0x08000226   0x08000226   0x00000000   Code   RO         6747    .ARM.Collect$$libinit$$00000011  c_w.l(libinit2.o)
    0x08000226   0x08000226   0x00000000   Code   RO         6749    .ARM.Collect$$libinit$$00000013  c_w.l(libinit2.o)
    0x08000226   0x08000226   0x00000000   Code   RO         6751    .ARM.Collect$$libinit$$00000015  c_w.l(libinit2.o)
    0x08000226   0x08000226   0x00000000   Code   RO         6753    .ARM.Collect$$libinit$$00000017  c_w.l(libinit2.o)
    0x08000226   0x08000226   0x00000000   Code   RO         6755    .ARM.Collect$$libinit$$00000019  c_w.l(libinit2.o)
    0x08000226   0x08000226   0x00000000   Code   RO         6757    .ARM.Collect$$libinit$$0000001B  c_w.l(libinit2.o)
    0x08000226   0x08000226   0x00000000   Code   RO         6759    .ARM.Collect$$libinit$$0000001D  c_w.l(libinit2.o)
    0x08000226   0x08000226   0x00000000   Code   RO         6761    .ARM.Collect$$libinit$$0000001F  c_w.l(libinit2.o)
    0x08000226   0x08000226   0x00000000   Code   RO         6763    .ARM.Collect$$libinit$$00000021  c_w.l(libinit2.o)
    0x08000226   0x08000226   0x00000000   Code   RO         6765    .ARM.Collect$$libinit$$00000023  c_w.l(libinit2.o)
    0x08000226   0x08000226   0x00000000   Code   RO         6767    .ARM.Collect$$libinit$$00000025  c_w.l(libinit2.o)
    0x08000226   0x08000226   0x00000000   Code   RO         6771    .ARM.Collect$$libinit$$0000002C  c_w.l(libinit2.o)
    0x08000226   0x08000226   0x00000000   Code   RO         6773    .ARM.Collect$$libinit$$0000002E  c_w.l(libinit2.o)
    0x08000226   0x08000226   0x00000000   Code   RO         6775    .ARM.Collect$$libinit$$00000030  c_w.l(libinit2.o)
    0x08000226   0x08000226   0x00000000   Code   RO         6777    .ARM.Collect$$libinit$$00000032  c_w.l(libinit2.o)
    0x08000226   0x08000226   0x00000002   Code   RO         6778    .ARM.Collect$$libinit$$00000033  c_w.l(libinit2.o)
    0x08000228   0x08000228   0x00000002   Code   RO         6798    .ARM.Collect$$libshutdown$$00000000  c_w.l(libshutdown.o)
    0x0800022a   0x0800022a   0x00000000   Code   RO         6811    .ARM.Collect$$libshutdown$$00000002  c_w.l(libshutdown2.o)
    0x0800022a   0x0800022a   0x00000000   Code   RO         6813    .ARM.Collect$$libshutdown$$00000004  c_w.l(libshutdown2.o)
    0x0800022a   0x0800022a   0x00000000   Code   RO         6816    .ARM.Collect$$libshutdown$$00000007  c_w.l(libshutdown2.o)
    0x0800022a   0x0800022a   0x00000000   Code   RO         6819    .ARM.Collect$$libshutdown$$0000000A  c_w.l(libshutdown2.o)
    0x0800022a   0x0800022a   0x00000000   Code   RO         6821    .ARM.Collect$$libshutdown$$0000000C  c_w.l(libshutdown2.o)
    0x0800022a   0x0800022a   0x00000000   Code   RO         6824    .ARM.Collect$$libshutdown$$0000000F  c_w.l(libshutdown2.o)
    0x0800022a   0x0800022a   0x00000002   Code   RO         6825    .ARM.Collect$$libshutdown$$00000010  c_w.l(libshutdown2.o)
    0x0800022c   0x0800022c   0x00000000   Code   RO         6697    .ARM.Collect$$rtentry$$00000000  c_w.l(__rtentry.o)
    0x0800022c   0x0800022c   0x00000000   Code   RO         6703    .ARM.Collect$$rtentry$$00000002  c_w.l(__rtentry2.o)
    0x0800022c   0x0800022c   0x00000006   Code   RO         6715    .ARM.Collect$$rtentry$$00000004  c_w.l(__rtentry4.o)
    0x08000232   0x08000232   0x00000000   Code   RO         6705    .ARM.Collect$$rtentry$$00000009  c_w.l(__rtentry2.o)
    0x08000232   0x08000232   0x00000004   Code   RO         6706    .ARM.Collect$$rtentry$$0000000A  c_w.l(__rtentry2.o)
    0x08000236   0x08000236   0x00000000   Code   RO         6708    .ARM.Collect$$rtentry$$0000000C  c_w.l(__rtentry2.o)
    0x08000236   0x08000236   0x00000008   Code   RO         6709    .ARM.Collect$$rtentry$$0000000D  c_w.l(__rtentry2.o)
    0x0800023e   0x0800023e   0x00000002   Code   RO         6732    .ARM.Collect$$rtexit$$00000000  c_w.l(rtexit.o)
    0x08000240   0x08000240   0x00000000   Code   RO         6780    .ARM.Collect$$rtexit$$00000002  c_w.l(rtexit2.o)
    0x08000240   0x08000240   0x00000004   Code   RO         6781    .ARM.Collect$$rtexit$$00000003  c_w.l(rtexit2.o)
    0x08000244   0x08000244   0x00000006   Code   RO         6782    .ARM.Collect$$rtexit$$00000004  c_w.l(rtexit2.o)
    0x0800024a   0x0800024a   0x00000002   PAD
    0x0800024c   0x0800024c   0x000000b6   Code   RO         6610    .emb_text           port.o
    0x08000302   0x08000302   0x00000002   PAD
    0x08000304   0x08000304   0x00000040   Code   RO          360    .text               startup_gd32f450.o
    0x08000344   0x08000344   0x0000008a   Code   RO         6689    .text               c_w.l(rt_memcpy_v6.o)
    0x080003ce   0x080003ce   0x00000010   Code   RO         6691    .text               c_w.l(aeabi_memset.o)
    0x080003de   0x080003de   0x00000006   Code   RO         6693    .text               c_w.l(heapauxi.o)
    0x080003e4   0x080003e4   0x00000064   Code   RO         6698    .text               c_w.l(rt_memcpy_w.o)
    0x08000448   0x08000448   0x00000044   Code   RO         6700    .text               c_w.l(rt_memclr.o)
    0x0800048c   0x0800048c   0x0000004e   Code   RO         6717    .text               c_w.l(rt_memclr_w.o)
    0x080004da   0x080004da   0x0000004a   Code   RO         6719    .text               c_w.l(sys_stackheap_outer.o)
    0x08000524   0x08000524   0x00000012   Code   RO         6721    .text               c_w.l(exit.o)
    0x08000536   0x08000536   0x00000002   PAD
    0x08000538   0x08000538   0x00000008   Code   RO         6729    .text               c_w.l(libspace.o)
    0x08000540   0x08000540   0x0000000c   Code   RO         6790    .text               c_w.l(sys_exit.o)
    0x0800054c   0x0800054c   0x00000002   Code   RO         6801    .text               c_w.l(use_no_semi.o)
    0x0800054e   0x0800054e   0x00000000   Code   RO         6803    .text               c_w.l(indicate_semi.o)
    0x0800054e   0x0800054e   0x00000004   Code   RO          214    i.BusFault_Handler  gd32f4xx_it.o
    0x08000552   0x08000552   0x00000002   Code   RO          215    i.DebugMon_Handler  gd32f4xx_it.o
    0x08000554   0x08000554   0x00000004   Code   RO          216    i.HardFault_Handler  gd32f4xx_it.o
    0x08000558   0x08000558   0x00000010   Code   RO            3    i.LED_Off           main.o
    0x08000568   0x08000568   0x00000010   Code   RO            4    i.LED_On            main.o
    0x08000578   0x08000578   0x00000030   Code   RO            5    i.LED_init          main.o
    0x080005a8   0x080005a8   0x00000004   Code   RO          217    i.MemManage_Handler  gd32f4xx_it.o
    0x080005ac   0x080005ac   0x00000002   Code   RO          218    i.NMI_Handler       gd32f4xx_it.o
    0x080005ae   0x080005ae   0x00000002   PAD
    0x080005b0   0x080005b0   0x00000034   Code   RO         6611    i.SysTick_Handler   port.o
    0x080005e4   0x080005e4   0x00000078   Code   RO          278    i.SystemInit        system_gd32f4xx.o
    0x0800065c   0x0800065c   0x00000004   Code   RO          219    i.UsageFault_Handler  gd32f4xx_it.o
    0x08000660   0x08000660   0x0000004e   Code   RO         2835    i.gpio_mode_set     gd32f4xx_gpio.o
    0x080006ae   0x080006ae   0x00000042   Code   RO         2837    i.gpio_output_options_set  gd32f4xx_gpio.o
    0x080006f0   0x080006f0   0x00000034   Code   RO            7    i.main              main.o
    0x08000724   0x08000724   0x00000098   Code   RO         6094    i.prvAddCurrentTaskToDelayedList  tasks.o
    0x080007bc   0x080007bc   0x000000b8   Code   RO         6095    i.prvAddNewTaskToReadyList  tasks.o
    0x08000874   0x08000874   0x00000064   Code   RO         6431    i.prvCheckForValidListAndQueue  timers.o
    0x080008d8   0x080008d8   0x00000064   Code   RO         6096    i.prvCheckTasksWaitingTermination  tasks.o
    0x0800093c   0x0800093c   0x0000002a   Code   RO         5896    i.prvCopyDataFromQueue  queue.o
    0x08000966   0x08000966   0x0000007c   Code   RO         5897    i.prvCopyDataToQueue  queue.o
    0x080009e2   0x080009e2   0x00000012   Code   RO         6097    i.prvDeleteTCB      tasks.o
    0x080009f4   0x080009f4   0x00000028   Code   RO         6432    i.prvGetNextExpireTime  timers.o
    0x08000a1c   0x08000a1c   0x0000007c   Code   RO         6561    i.prvHeapInit       heap_4.o
    0x08000a98   0x08000a98   0x00000028   Code   RO         6098    i.prvIdleTask       tasks.o
    0x08000ac0   0x08000ac0   0x0000002a   Code   RO         5899    i.prvInitialiseNewQueue  queue.o
    0x08000aea   0x08000aea   0x000000b4   Code   RO         6099    i.prvInitialiseNewTask  tasks.o
    0x08000b9e   0x08000b9e   0x00000002   PAD
    0x08000ba0   0x08000ba0   0x00000068   Code   RO         6100    i.prvInitialiseTaskLists  tasks.o
    0x08000c08   0x08000c08   0x00000068   Code   RO         6562    i.prvInsertBlockIntoFreeList  heap_4.o
    0x08000c70   0x08000c70   0x00000058   Code   RO         6434    i.prvInsertTimerInActiveList  timers.o
    0x08000cc8   0x08000cc8   0x0000001a   Code   RO         5900    i.prvIsQueueEmpty   queue.o
    0x08000ce2   0x08000ce2   0x0000001e   Code   RO         5901    i.prvIsQueueFull    queue.o
    0x08000d00   0x08000d00   0x00000064   Code   RO         6435    i.prvProcessExpiredTimer  timers.o
    0x08000d64   0x08000d64   0x000000f8   Code   RO         6436    i.prvProcessReceivedCommands  timers.o
    0x08000e5c   0x08000e5c   0x00000074   Code   RO         6437    i.prvProcessTimerOrBlockTask  timers.o
    0x08000ed0   0x08000ed0   0x00000034   Code   RO         6102    i.prvResetNextTaskUnblockTime  tasks.o
    0x08000f04   0x08000f04   0x0000002c   Code   RO         6438    i.prvSampleTimeNow  timers.o
    0x08000f30   0x08000f30   0x000000a0   Code   RO         6439    i.prvSwitchTimerLists  timers.o
    0x08000fd0   0x08000fd0   0x00000040   Code   RO         6612    i.prvTaskExitError  port.o
    0x08001010   0x08001010   0x0000001a   Code   RO         6440    i.prvTimerTask      timers.o
    0x0800102a   0x0800102a   0x0000007e   Code   RO         5902    i.prvUnlockQueue    queue.o
    0x080010a8   0x080010a8   0x0000013c   Code   RO         6563    i.pvPortMalloc      heap_4.o
    0x080011e4   0x080011e4   0x00000020   Code   RO         6105    i.pvTaskIncrementMutexHeldCount  tasks.o
    0x08001204   0x08001204   0x0000002c   Code   RO         6613    i.pxPortInitialiseStack  port.o
    0x08001230   0x08001230   0x00000024   Code   RO         3593    i.rcu_periph_clock_enable  gd32f4xx_rcu.o
    0x08001254   0x08001254   0x00000020   Code   RO            8    i.start_task        main.o
    0x08001274   0x08001274   0x000000fc   Code   RO          279    i.system_clock_120m_8m_hxtal  system_gd32f4xx.o
    0x08001370   0x08001370   0x00000008   Code   RO          280    i.system_clock_config  system_gd32f4xx.o
    0x08001378   0x08001378   0x00000028   Code   RO         5859    i.uxListRemove      list.o
    0x080013a0   0x080013a0   0x0000001a   Code   RO         5860    i.vListInitialise   list.o
    0x080013ba   0x080013ba   0x00000006   Code   RO         5861    i.vListInitialiseItem  list.o
    0x080013c0   0x080013c0   0x00000034   Code   RO         5862    i.vListInsert       list.o
    0x080013f4   0x080013f4   0x00000018   Code   RO         5863    i.vListInsertEnd    list.o
    0x0800140c   0x0800140c   0x00000054   Code   RO         6615    i.vPortEnterCritical  port.o
    0x08001460   0x08001460   0x0000003c   Code   RO         6616    i.vPortExitCritical  port.o
    0x0800149c   0x0800149c   0x00000094   Code   RO         6564    i.vPortFree         heap_4.o
    0x08001530   0x08001530   0x00000020   Code   RO         6617    i.vPortSetupTimerInterrupt  port.o
    0x08001550   0x08001550   0x00000078   Code   RO         6618    i.vPortValidateInterruptPriority  port.o
    0x080015c8   0x080015c8   0x0000002c   Code   RO         5908    i.vQueueAddToRegistry  queue.o
    0x080015f4   0x080015f4   0x0000004a   Code   RO         5912    i.vQueueWaitForMessageRestricted  queue.o
    0x0800163e   0x0800163e   0x00000002   PAD
    0x08001640   0x08001640   0x0000005c   Code   RO         6113    i.vTaskDelay        tasks.o
    0x0800169c   0x0800169c   0x0000000c   Code   RO         6118    i.vTaskMissedYield  tasks.o
    0x080016a8   0x080016a8   0x00000038   Code   RO         6120    i.vTaskPlaceOnEventList  tasks.o
    0x080016e0   0x080016e0   0x00000040   Code   RO         6121    i.vTaskPlaceOnEventListRestricted  tasks.o
    0x08001720   0x08001720   0x000000b0   Code   RO         6123    i.vTaskPriorityInherit  tasks.o
    0x080017d0   0x080017d0   0x00000030   Code   RO         6127    i.vTaskSetTimeOutState  tasks.o
    0x08001800   0x08001800   0x00000094   Code   RO         6128    i.vTaskStartScheduler  tasks.o
    0x08001894   0x08001894   0x00000010   Code   RO         6130    i.vTaskSuspendAll   tasks.o
    0x080018a4   0x080018a4   0x0000008c   Code   RO         6131    i.vTaskSwitchContext  tasks.o
    0x08001930   0x08001930   0x0000013c   Code   RO         6619    i.xPortStartScheduler  port.o
    0x08001a6c   0x08001a6c   0x00000058   Code   RO         5915    i.xQueueGenericCreate  queue.o
    0x08001ac4   0x08001ac4   0x000001c4   Code   RO         5916    i.xQueueGenericReceive  queue.o
    0x08001c88   0x08001c88   0x00000098   Code   RO         5917    i.xQueueGenericReset  queue.o
    0x08001d20   0x08001d20   0x000001a8   Code   RO         5918    i.xQueueGenericSend  queue.o
    0x08001ec8   0x08001ec8   0x000000f8   Code   RO         5919    i.xQueueGenericSendFromISR  queue.o
    0x08001fc0   0x08001fc0   0x0000008c   Code   RO         6132    i.xTaskCheckForTimeOut  tasks.o
    0x0800204c   0x0800204c   0x00000060   Code   RO         6133    i.xTaskCreate       tasks.o
    0x080020ac   0x080020ac   0x00000020   Code   RO         6137    i.xTaskGetSchedulerState  tasks.o
    0x080020cc   0x080020cc   0x0000000c   Code   RO         6138    i.xTaskGetTickCount  tasks.o
    0x080020d8   0x080020d8   0x00000148   Code   RO         6140    i.xTaskIncrementTick  tasks.o
    0x08002220   0x08002220   0x000000c8   Code   RO         6143    i.xTaskPriorityDisinherit  tasks.o
    0x080022e8   0x080022e8   0x00000098   Code   RO         6144    i.xTaskRemoveFromEventList  tasks.o
    0x08002380   0x08002380   0x00000104   Code   RO         6146    i.xTaskResumeAll    tasks.o
    0x08002484   0x08002484   0x00000058   Code   RO         6444    i.xTimerCreateTimerTask  timers.o
    0x080024dc   0x080024dc   0x00000084   Code   RO         6445    i.xTimerGenericCommand  timers.o
    0x08002560   0x08002560   0x0000000a   Code   RO         6788    x$fpl$fpinit        fz_wm.l(fpinit.o)
    0x0800256a   0x0800256a   0x00000002   PAD
    0x0800256c   0x0800256c   0x00000020   Data   RO         6856    Region$$Table       anon$$obj.o


    Execution Region RW_IRAM1 (Exec base: 0x20000000, Load base: 0x0800258c, Size: 0x00013610, Max: 0x00070000, ABSOLUTE)

    Exec Addr    Load Addr    Size         Type   Attr      Idx    E Section Name        Object

    0x20000000   0x0800258c   0x00000004   Data   RW            9    .data               main.o
    0x20000004   0x08002590   0x00000004   Data   RW          281    .data               system_gd32f4xx.o
    0x20000008   0x08002594   0x0000003c   Data   RW         6149    .data               tasks.o
    0x20000044   0x080025d0   0x00000014   Data   RW         6451    .data               timers.o
    0x20000058   0x080025e4   0x00000018   Data   RW         6569    .data               heap_4.o
    0x20000070   0x080025fc   0x0000000c   Data   RW         6620    .data               port.o
    0x2000007c        -       0x00000040   Zero   RW         5927    .bss                queue.o
    0x200000bc        -       0x000000c8   Zero   RW         6148    .bss                tasks.o
    0x20000184        -       0x00000028   Zero   RW         6450    .bss                timers.o
    0x200001ac        -       0x00012c00   Zero   RW         6568    .bss                heap_4.o
    0x20012dac        -       0x00000060   Zero   RW         6730    .bss                c_w.l(libspace.o)
    0x20012e0c   0x08002608   0x00000004   PAD
    0x20012e10        -       0x00000400   Zero   RW          358    HEAP                startup_gd32f450.o
    0x20013210        -       0x00000400   Zero   RW          357    STACK               startup_gd32f450.o


==============================================================================

Image component sizes


      Code (inc. data)   RO Data    RW Data    ZI Data      Debug   Object Name

         0          0          0          0          0      10296   event_groups.o
       144          0          0          0          0       1566   gd32f4xx_gpio.o
        20          0          0          0          0       4201   gd32f4xx_it.o
        36          4          0          0          0        530   gd32f4xx_rcu.o
       692         62          0         24      76800       4427   heap_4.o
       148          0          0          0          0       3262   list.o
       164         38          0          4          0      43710   main.o
       954         92          0         12          0      11381   port.o
      1872         22          0          0         64      13425   queue.o
        64         26        428          0       2048        876   startup_gd32f450.o
       380         30          0          4          0       1867   system_gd32f4xx.o
      2834        368          0         60        200      22033   tasks.o
      1142        118          0         20         40      17187   timers.o

    ----------------------------------------------------------------------
      8458        760        460        124      79152     134761   Object Totals
         0          0         32          0          0          0   (incl. Generated)
         8          0          0          0          0          0   (incl. Padding)

    ----------------------------------------------------------------------

      Code (inc. data)   RO Data    RW Data    ZI Data      Debug   Library Member Name

         8          0          0          0          0         68   __main.o
         0          0          0          0          0          0   __rtentry.o
        12          0          0          0          0          0   __rtentry2.o
         6          0          0          0          0          0   __rtentry4.o
        52          8          0          0          0          0   __scatter.o
        26          0          0          0          0          0   __scatter_copy.o
        28          0          0          0          0          0   __scatter_zi.o
        16          0          0          0          0         68   aeabi_memset.o
        18          0          0          0          0         80   exit.o
         6          0          0          0          0        152   heapauxi.o
         0          0          0          0          0          0   indicate_semi.o
         2          0          0          0          0          0   libinit.o
         6          0          0          0          0          0   libinit2.o
         2          0          0          0          0          0   libshutdown.o
         2          0          0          0          0          0   libshutdown2.o
         8          4          0          0         96         68   libspace.o
        68          0          0          0          0         68   rt_memclr.o
        78          0          0          0          0         80   rt_memclr_w.o
       138          0          0          0          0         68   rt_memcpy_v6.o
       100          0          0          0          0         80   rt_memcpy_w.o
         2          0          0          0          0          0   rtexit.o
        10          0          0          0          0          0   rtexit2.o
        12          4          0          0          0         68   sys_exit.o
        74          0          0          0          0         80   sys_stackheap_outer.o
         2          0          0          0          0         68   use_no_semi.o
        10          0          0          0          0        116   fpinit.o

    ----------------------------------------------------------------------
       694         16          0          0        100       1064   Library Totals
         8          0          0          0          4          0   (incl. Padding)

    ----------------------------------------------------------------------

      Code (inc. data)   RO Data    RW Data    ZI Data      Debug   Library Name

       676         16          0          0         96        948   c_w.l
        10          0          0          0          0        116   fz_wm.l

    ----------------------------------------------------------------------
       694         16          0          0        100       1064   Library Totals

    ----------------------------------------------------------------------

==============================================================================


      Code (inc. data)   RO Data    RW Data    ZI Data      Debug   

      9152        776        460        124      79252     127409   Grand Totals
      9152        776        460        124      79252     127409   ELF Image Totals
      9152        776        460        124          0          0   ROM Totals

==============================================================================

    Total RO  Size (Code + RO Data)                 9612 (   9.39kB)
    Total RW  Size (RW Data + ZI Data)             79376 (  77.52kB)
    Total ROM Size (Code + RO Data + RW Data)       9736 (   9.51kB)

==============================================================================

